../USB_Device/Target/usbd_conf.c:72:6:HAL_PCD_MspInit	88	static
../USB_Device/Target/usbd_conf.c:106:6:HAL_PCD_MspDeInit	16	static
../USB_Device/Target/usbd_conf.c:134:6:HAL_PCD_SetupStageCallback	16	static
../USB_Device/Target/usbd_conf.c:155:6:HAL_PCD_DataOutStageCallback	16	static
../USB_Device/Target/usbd_conf.c:176:6:HAL_PCD_DataInStageCallback	16	static
../USB_Device/Target/usbd_conf.c:196:6:HAL_PCD_SOFCallback	16	static
../USB_Device/Target/usbd_conf.c:216:6:HAL_PCD_ResetCallback	24	static
../USB_Device/Target/usbd_conf.c:247:6:HAL_PCD_SuspendCallback	16	static
../USB_Device/Target/usbd_conf.c:277:6:HAL_PCD_ResumeCallback	16	static
../USB_Device/Target/usbd_conf.c:308:6:HAL_PCD_ISOOUTIncompleteCallback	16	static
../USB_Device/Target/usbd_conf.c:329:6:HAL_PCD_ISOINIncompleteCallback	16	static
../USB_Device/Target/usbd_conf.c:349:6:HAL_PCD_ConnectCallback	16	static
../USB_Device/Target/usbd_conf.c:369:6:HAL_PCD_DisconnectCallback	16	static
../USB_Device/Target/usbd_conf.c:394:20:USBD_LL_Init	16	static
../USB_Device/Target/usbd_conf.c:456:20:USBD_LL_DeInit	24	static
../USB_Device/Target/usbd_conf.c:473:20:USBD_LL_Start	24	static
../USB_Device/Target/usbd_conf.c:490:20:USBD_LL_Stop	24	static
../USB_Device/Target/usbd_conf.c:510:20:USBD_LL_OpenEP	24	static
../USB_Device/Target/usbd_conf.c:528:20:USBD_LL_CloseEP	24	static
../USB_Device/Target/usbd_conf.c:546:20:USBD_LL_FlushEP	24	static
../USB_Device/Target/usbd_conf.c:564:20:USBD_LL_StallEP	24	static
../USB_Device/Target/usbd_conf.c:582:20:USBD_LL_ClearStallEP	24	static
../USB_Device/Target/usbd_conf.c:600:9:USBD_LL_IsStallEP	24	static
../USB_Device/Target/usbd_conf.c:620:20:USBD_LL_SetUSBAddress	24	static
../USB_Device/Target/usbd_conf.c:640:20:USBD_LL_Transmit	32	static
../USB_Device/Target/usbd_conf.c:660:20:USBD_LL_PrepareReceive	32	static
../USB_Device/Target/usbd_conf.c:678:10:USBD_LL_GetRxDataSize	16	static
../USB_Device/Target/usbd_conf.c:688:6:USBD_LL_Delay	16	static
../USB_Device/Target/usbd_conf.c:698:7:USBD_static_malloc	16	static
../USB_Device/Target/usbd_conf.c:709:6:USBD_static_free	16	static
../USB_Device/Target/usbd_conf.c:720:13:SystemClockConfig_Resume	8	static
../USB_Device/Target/usbd_conf.c:731:20:USBD_Get_USB_Status	24	static
