Archive member included to satisfy reference by file (symbol)

D:/mcu/STM/STM32CubeIDE/plugins/com.st.stm32cube.ide.mcu.externaltools.gnu-tools-for-stm32.13.3.rel1.win32_1.0.0.202411081344/tools/bin/../lib/gcc/arm-none-eabi/13.3.1/../../../../arm-none-eabi/lib/thumb/v7e-m+fp/hard\libc_nano.a(libc_a-exit.o)
                              D:/mcu/STM/STM32CubeIDE/plugins/com.st.stm32cube.ide.mcu.externaltools.gnu-tools-for-stm32.13.3.rel1.win32_1.0.0.202411081344/tools/bin/../lib/gcc/arm-none-eabi/13.3.1/../../../../arm-none-eabi/lib/thumb/v7e-m+fp/hard/crt0.o (exit)
D:/mcu/STM/STM32CubeIDE/plugins/com.st.stm32cube.ide.mcu.externaltools.gnu-tools-for-stm32.13.3.rel1.win32_1.0.0.202411081344/tools/bin/../lib/gcc/arm-none-eabi/13.3.1/../../../../arm-none-eabi/lib/thumb/v7e-m+fp/hard\libc_nano.a(libc_a-findfp.o)
                              D:/mcu/STM/STM32CubeIDE/plugins/com.st.stm32cube.ide.mcu.externaltools.gnu-tools-for-stm32.13.3.rel1.win32_1.0.0.202411081344/tools/bin/../lib/gcc/arm-none-eabi/13.3.1/../../../../arm-none-eabi/lib/thumb/v7e-m+fp/hard\libc_nano.a(libc_a-exit.o) (__stdio_exit_handler)
D:/mcu/STM/STM32CubeIDE/plugins/com.st.stm32cube.ide.mcu.externaltools.gnu-tools-for-stm32.13.3.rel1.win32_1.0.0.202411081344/tools/bin/../lib/gcc/arm-none-eabi/13.3.1/../../../../arm-none-eabi/lib/thumb/v7e-m+fp/hard\libc_nano.a(libc_a-fwalk.o)
                              D:/mcu/STM/STM32CubeIDE/plugins/com.st.stm32cube.ide.mcu.externaltools.gnu-tools-for-stm32.13.3.rel1.win32_1.0.0.202411081344/tools/bin/../lib/gcc/arm-none-eabi/13.3.1/../../../../arm-none-eabi/lib/thumb/v7e-m+fp/hard\libc_nano.a(libc_a-findfp.o) (_fwalk_sglue)
D:/mcu/STM/STM32CubeIDE/plugins/com.st.stm32cube.ide.mcu.externaltools.gnu-tools-for-stm32.13.3.rel1.win32_1.0.0.202411081344/tools/bin/../lib/gcc/arm-none-eabi/13.3.1/../../../../arm-none-eabi/lib/thumb/v7e-m+fp/hard\libc_nano.a(libc_a-sprintf.o)
                              ./Core/Src/oled.o (sprintf)
D:/mcu/STM/STM32CubeIDE/plugins/com.st.stm32cube.ide.mcu.externaltools.gnu-tools-for-stm32.13.3.rel1.win32_1.0.0.202411081344/tools/bin/../lib/gcc/arm-none-eabi/13.3.1/../../../../arm-none-eabi/lib/thumb/v7e-m+fp/hard\libc_nano.a(libc_a-stdio.o)
                              D:/mcu/STM/STM32CubeIDE/plugins/com.st.stm32cube.ide.mcu.externaltools.gnu-tools-for-stm32.13.3.rel1.win32_1.0.0.202411081344/tools/bin/../lib/gcc/arm-none-eabi/13.3.1/../../../../arm-none-eabi/lib/thumb/v7e-m+fp/hard\libc_nano.a(libc_a-findfp.o) (__sread)
D:/mcu/STM/STM32CubeIDE/plugins/com.st.stm32cube.ide.mcu.externaltools.gnu-tools-for-stm32.13.3.rel1.win32_1.0.0.202411081344/tools/bin/../lib/gcc/arm-none-eabi/13.3.1/../../../../arm-none-eabi/lib/thumb/v7e-m+fp/hard\libc_nano.a(libc_a-memset.o)
                              D:/mcu/STM/STM32CubeIDE/plugins/com.st.stm32cube.ide.mcu.externaltools.gnu-tools-for-stm32.13.3.rel1.win32_1.0.0.202411081344/tools/bin/../lib/gcc/arm-none-eabi/13.3.1/../../../../arm-none-eabi/lib/thumb/v7e-m+fp/hard/crt0.o (memset)
D:/mcu/STM/STM32CubeIDE/plugins/com.st.stm32cube.ide.mcu.externaltools.gnu-tools-for-stm32.13.3.rel1.win32_1.0.0.202411081344/tools/bin/../lib/gcc/arm-none-eabi/13.3.1/../../../../arm-none-eabi/lib/thumb/v7e-m+fp/hard\libc_nano.a(libc_a-closer.o)
                              D:/mcu/STM/STM32CubeIDE/plugins/com.st.stm32cube.ide.mcu.externaltools.gnu-tools-for-stm32.13.3.rel1.win32_1.0.0.202411081344/tools/bin/../lib/gcc/arm-none-eabi/13.3.1/../../../../arm-none-eabi/lib/thumb/v7e-m+fp/hard\libc_nano.a(libc_a-stdio.o) (_close_r)
D:/mcu/STM/STM32CubeIDE/plugins/com.st.stm32cube.ide.mcu.externaltools.gnu-tools-for-stm32.13.3.rel1.win32_1.0.0.202411081344/tools/bin/../lib/gcc/arm-none-eabi/13.3.1/../../../../arm-none-eabi/lib/thumb/v7e-m+fp/hard\libc_nano.a(libc_a-reent.o)
                              D:/mcu/STM/STM32CubeIDE/plugins/com.st.stm32cube.ide.mcu.externaltools.gnu-tools-for-stm32.13.3.rel1.win32_1.0.0.202411081344/tools/bin/../lib/gcc/arm-none-eabi/13.3.1/../../../../arm-none-eabi/lib/thumb/v7e-m+fp/hard\libc_nano.a(libc_a-closer.o) (errno)
D:/mcu/STM/STM32CubeIDE/plugins/com.st.stm32cube.ide.mcu.externaltools.gnu-tools-for-stm32.13.3.rel1.win32_1.0.0.202411081344/tools/bin/../lib/gcc/arm-none-eabi/13.3.1/../../../../arm-none-eabi/lib/thumb/v7e-m+fp/hard\libc_nano.a(libc_a-impure.o)
                              D:/mcu/STM/STM32CubeIDE/plugins/com.st.stm32cube.ide.mcu.externaltools.gnu-tools-for-stm32.13.3.rel1.win32_1.0.0.202411081344/tools/bin/../lib/gcc/arm-none-eabi/13.3.1/../../../../arm-none-eabi/lib/thumb/v7e-m+fp/hard\libc_nano.a(libc_a-sprintf.o) (_impure_ptr)
D:/mcu/STM/STM32CubeIDE/plugins/com.st.stm32cube.ide.mcu.externaltools.gnu-tools-for-stm32.13.3.rel1.win32_1.0.0.202411081344/tools/bin/../lib/gcc/arm-none-eabi/13.3.1/../../../../arm-none-eabi/lib/thumb/v7e-m+fp/hard\libc_nano.a(libc_a-lseekr.o)
[...]
Memory Configuration

Name             Origin             Length             Attributes
RAM              0x20000000         0x00008000         xrw
FLASH            0x08000000         0x00020000         xr
*default*        0x00000000         0xffffffff

Linker script and memory map

LOAD D:/mcu/STM/STM32CubeIDE/plugins/com.st.stm32cube.ide.mcu.externaltools.gnu-tools-for-stm32.13.3.rel1.win32_1.0.0.202411081344/tools/bin/../lib/gcc/arm-none-eabi/13.3.1/thumb/v7e-m+fp/hard/crti.o
LOAD D:/mcu/STM/STM32CubeIDE/plugins/com.st.stm32cube.ide.mcu.externaltools.gnu-tools-for-stm32.13.3.rel1.win32_1.0.0.202411081344/tools/bin/../lib/gcc/arm-none-eabi/13.3.1/thumb/v7e-m+fp/hard/crtbegin.o
LOAD D:/mcu/STM/STM32CubeIDE/plugins/com.st.stm32cube.ide.mcu.externaltools.gnu-tools-for-stm32.13.3.rel1.win32_1.0.0.202411081344/tools/bin/../lib/gcc/arm-none-eabi/13.3.1/../../../../arm-none-eabi/lib/thumb/v7e-m+fp/hard/crt0.o
LOAD ./Core/Src/adc.o
LOAD ./Core/Src/adc_controller.o
LOAD ./Core/Src/dma.o
LOAD ./Core/Src/gpio.o
LOAD ./Core/Src/i2c.o
LOAD ./Core/Src/keyboard_controller.o
LOAD ./Core/Src/main.o
LOAD ./Core/Src/oled.o
LOAD ./Core/Src/oled_controller.o
LOAD ./Core/Src/oled_optimize.o
LOAD ./Core/Src/rgb_controller.o
LOAD ./Core/Src/stm32g4xx_hal_msp.o
LOAD ./Core/Src/stm32g4xx_it.o
LOAD ./Core/Src/syscalls.o
LOAD ./Core/Src/sysmem.o
LOAD ./Core/Src/system_stm32g4xx.o
LOAD ./Core/Src/tim.o
LOAD ./Core/Src/uart_vofa.o
LOAD ./Core/Src/usart.o
LOAD ./Core/Startup/startup_stm32g431cbtx.o
LOAD ./Drivers/STM32G4xx_HAL_Driver/Src/stm32g4xx_hal.o
LOAD ./Drivers/STM32G4xx_HAL_Driver/Src/stm32g4xx_hal_adc.o
LOAD ./Drivers/STM32G4xx_HAL_Driver/Src/stm32g4xx_hal_adc_ex.o
LOAD ./Drivers/STM32G4xx_HAL_Driver/Src/stm32g4xx_hal_cortex.o
LOAD ./Drivers/STM32G4xx_HAL_Driver/Src/stm32g4xx_hal_dma.o
LOAD ./Drivers/STM32G4xx_HAL_Driver/Src/stm32g4xx_hal_dma_ex.o
LOAD ./Drivers/STM32G4xx_HAL_Driver/Src/stm32g4xx_hal_exti.o
LOAD ./Drivers/STM32G4xx_HAL_Driver/Src/stm32g4xx_hal_flash.o
LOAD ./Drivers/STM32G4xx_HAL_Driver/Src/stm32g4xx_hal_flash_ex.o
LOAD ./Drivers/STM32G4xx_HAL_Driver/Src/stm32g4xx_hal_flash_ramfunc.o
LOAD ./Drivers/STM32G4xx_HAL_Driver/Src/stm32g4xx_hal_gpio.o
LOAD ./Drivers/STM32G4xx_HAL_Driver/Src/stm32g4xx_hal_i2c.o
LOAD ./Drivers/STM32G4xx_HAL_Driver/Src/stm32g4xx_hal_i2c_ex.o
LOAD ./Drivers/STM32G4xx_HAL_Driver/Src/stm32g4xx_hal_pcd.o
LOAD ./Drivers/STM32G4xx_HAL_Driver/Src/stm32g4xx_hal_pcd_ex.o
LOAD ./Drivers/STM32G4xx_HAL_Driver/Src/stm32g4xx_hal_pwr.o
LOAD ./Drivers/STM32G4xx_HAL_Driver/Src/stm32g4xx_hal_pwr_ex.o
LOAD ./Drivers/STM32G4xx_HAL_Driver/Src/stm32g4xx_hal_rcc.o
LOAD ./Drivers/STM32G4xx_HAL_Driver/Src/stm32g4xx_hal_rcc_ex.o
LOAD ./Drivers/STM32G4xx_HAL_Driver/Src/stm32g4xx_hal_tim.o
LOAD ./Drivers/STM32G4xx_HAL_Driver/Src/stm32g4xx_hal_tim_ex.o
LOAD ./Drivers/STM32G4xx_HAL_Driver/Src/stm32g4xx_hal_uart.o
LOAD ./Drivers/STM32G4xx_HAL_Driver/Src/stm32g4xx_hal_uart_ex.o
LOAD ./Drivers/STM32G4xx_HAL_Driver/Src/stm32g4xx_ll_adc.o
LOAD ./Drivers/STM32G4xx_HAL_Driver/Src/stm32g4xx_ll_usb.o
LOAD ./Middlewares/ST/STM32_USB_Device_Library/Class/HID/Src/usbd_hid.o
LOAD ./Middlewares/ST/STM32_USB_Device_Library/Core/Src/usbd_core.o
LOAD ./Middlewares/ST/STM32_USB_Device_Library/Core/Src/usbd_ctlreq.o
LOAD ./Middlewares/ST/STM32_USB_Device_Library/Core/Src/usbd_ioreq.o
LOAD ./USB_Device/App/usb_device.o
LOAD ./USB_Device/App/usbd_desc.o
LOAD ./USB_Device/Target/usbd_conf.o
START GROUP
LOAD D:/mcu/STM/STM32CubeIDE/plugins/com.st.stm32cube.ide.mcu.externaltools.gnu-tools-for-stm32.13.3.rel1.win32_1.0.0.202411081344/tools/bin/../lib/gcc/arm-none-eabi/13.3.1/../../../../arm-none-eabi/lib/thumb/v7e-m+fp/hard\libc_nano.a
LOAD D:/mcu/STM/STM32CubeIDE/plugins/com.st.stm32cube.ide.mcu.externaltools.gnu-tools-for-stm32.13.3.rel1.win32_1.0.0.202411081344/tools/bin/../lib/gcc/arm-none-eabi/13.3.1/../../../../arm-none-eabi/lib/thumb/v7e-m+fp/hard\libm.a
END GROUP
START GROUP
LOAD D:/mcu/STM/STM32CubeIDE/plugins/com.st.stm32cube.ide.mcu.externaltools.gnu-tools-for-stm32.13.3.rel1.win32_1.0.0.202411081344/tools/bin/../lib/gcc/arm-none-eabi/13.3.1/thumb/v7e-m+fp/hard\libgcc.a
LOAD D:/mcu/STM/STM32CubeIDE/plugins/com.st.stm32cube.ide.mcu.externaltools.gnu-tools-for-stm32.13.3.rel1.win32_1.0.0.202411081344/tools/bin/../lib/gcc/arm-none-eabi/13.3.1/../../../../arm-none-eabi/lib/thumb/v7e-m+fp/hard\libc_nano.a
END GROUP
START GROUP
LOAD D:/mcu/STM/STM32CubeIDE/plugins/com.st.stm32cube.ide.mcu.externaltools.gnu-tools-for-stm32.13.3.rel1.win32_1.0.0.202411081344/tools/bin/../lib/gcc/arm-none-eabi/13.3.1/thumb/v7e-m+fp/hard\libgcc.a
LOAD D:/mcu/STM/STM32CubeIDE/plugins/com.st.stm32cube.ide.mcu.externaltools.gnu-tools-for-stm32.13.3.rel1.win32_1.0.0.202411081344/tools/bin/../lib/gcc/arm-none-eabi/13.3.1/../../../../arm-none-eabi/lib/thumb/v7e-m+fp/hard\libc_nano.a
LOAD D:/mcu/STM/STM32CubeIDE/plugins/com.st.stm32cube.ide.mcu.externaltools.gnu-tools-for-stm32.13.3.rel1.win32_1.0.0.202411081344/tools/bin/../lib/gcc/arm-none-eabi/13.3.1/../../../../arm-none-eabi/lib/thumb/v7e-m+fp/hard\libnosys.a
END GROUP
START GROUP
LOAD D:/mcu/STM/STM32CubeIDE/plugins/com.st.stm32cube.ide.mcu.externaltools.gnu-tools-for-stm32.13.3.rel1.win32_1.0.0.202411081344/tools/bin/../lib/gcc/arm-none-eabi/13.3.1/thumb/v7e-m+fp/hard\libgcc.a
LOAD D:/mcu/STM/STM32CubeIDE/plugins/com.st.stm32cube.ide.mcu.externaltools.gnu-tools-for-stm32.13.3.rel1.win32_1.0.0.202411081344/tools/bin/../lib/gcc/arm-none-eabi/13.3.1/../../../../arm-none-eabi/lib/thumb/v7e-m+fp/hard\libc_nano.a
LOAD D:/mcu/STM/STM32CubeIDE/plugins/com.st.stm32cube.ide.mcu.externaltools.gnu-tools-for-stm32.13.3.rel1.win32_1.0.0.202411081344/tools/bin/../lib/gcc/arm-none-eabi/13.3.1/../../../../arm-none-eabi/lib/thumb/v7e-m+fp/hard\libnosys.a
END GROUP
LOAD D:/mcu/STM/STM32CubeIDE/plugins/com.st.stm32cube.ide.mcu.externaltools.gnu-tools-for-stm32.13.3.rel1.win32_1.0.0.202411081344/tools/bin/../lib/gcc/arm-none-eabi/13.3.1/thumb/v7e-m+fp/hard/crtend.o
LOAD D:/mcu/STM/STM32CubeIDE/plugins/com.st.stm32cube.ide.mcu.externaltools.gnu-tools-for-stm32.13.3.rel1.win32_1.0.0.202411081344/tools/bin/../lib/gcc/arm-none-eabi/13.3.1/thumb/v7e-m+fp/hard/crtn.o
                0x20008000                        _estack = (ORIGIN (RAM) + LENGTH (RAM))
                0x00000200                        _Min_Heap_Size = 0x200
                0x00000400                        _Min_Stack_Size = 0x400

.isr_vector     0x08000000      0x1d8
                0x08000000                        . = ALIGN (0x4)
 *(.isr_vector)
 .isr_vector    0x08000000      0x1d8 ./Core/Startup/startup_stm32g431cbtx.o
                0x08000000                g_pfnVectors
                0x080001d8                        . = ALIGN (0x4)

.text           0x080001d8     0xc26c
                0x080001d8                        . = ALIGN (0x4)
 *(.text)
 .text          0x080001d8       0x40 D:/mcu/STM/STM32CubeIDE/plugins/com.st.stm32cube.ide.mcu.externaltools.gnu-tools-for-stm32.13.3.rel1.win32_1.0.0.202411081344/tools/bin/../lib/gcc/arm-none-eabi/13.3.1/thumb/v7e-m+fp/hard/crtbegin.o
 .text          0x08000218       0x30 D:/mcu/STM/STM32CubeIDE/plugins/com.st.stm32cube.ide.mcu.externaltools.gnu-tools-for-stm32.13.3.rel1.win32_1.0.0.202411081344/tools/bin/../lib/gcc/arm-none-eabi/13.3.1/thumb/v7e-m+fp/hard\libgcc.a(_aeabi_uldivmod.o)
                0x08000218                __aeabi_uldivmod
 .text          0x08000248      0x2f8 D:/mcu/STM/STM32CubeIDE/plugins/com.st.stm32cube.ide.mcu.externaltools.gnu-tools-for-stm32.13.3.rel1.win32_1.0.0.202411081344/tools/bin/../lib/gcc/arm-none-eabi/13.3.1/thumb/v7e-m+fp/hard\libgcc.a(_udivmoddi4.o)
                0x08000248                __udivmoddi4
 .text          0x08000540        0x4 D:/mcu/STM/STM32CubeIDE/plugins/com.st.stm32cube.ide.mcu.externaltools.gnu-tools-for-stm32.13.3.rel1.win32_1.0.0.202411081344/tools/bin/../lib/gcc/arm-none-eabi/13.3.1/thumb/v7e-m+fp/hard\libgcc.a(_dvmd_tls.o)
                0x08000540                __aeabi_idiv0
                0x08000540                __aeabi_ldiv0
 *(.text*)
 .text.MX_ADC1_Init
                0x08000544      0x110 ./Core/Src/adc.o
                0x08000544                MX_ADC1_Init
 .text.MX_ADC2_Init
                0x08000654       0xec ./Core/Src/adc.o
                0x08000654                MX_ADC2_Init
 .text.HAL_ADC_MspInit
                0x08000740      0x208 ./Core/Src/adc.o
                0x08000740                HAL_ADC_MspInit
 .text.ADC_Init
                0x08000948       0x20 ./Core/Src/adc_controller.o
                0x08000948                ADC_Init
 .text.MX_DMA_Init
                0x08000968       0x74 ./Core/Src/dma.o
                0x08000968                MX_DMA_Init
 .text.MX_GPIO_Init
                0x080009dc       0xd0 ./Core/Src/gpio.o
                0x080009dc                MX_GPIO_Init
 .text.MX_I2C1_Init
                0x08000aac       0x80 ./Core/Src/i2c.o
                0x08000aac                MX_I2C1_Init
 .text.HAL_I2C_MspInit
                0x08000b2c       0xf0 ./Core/Src/i2c.o
                0x08000b2c                HAL_I2C_MspInit
 .text.Keyboard_Init
                0x08000c1c       0x20 ./Core/Src/keyboard_controller.o
                0x08000c1c                Keyboard_Init
 .text.Keyboard_Update
                0x08000c3c      0x108 ./Core/Src/keyboard_controller.o
                0x08000c3c                Keyboard_Update
 .text.main     0x08000d44       0x3c ./Core/Src/main.o
                0x08000d44                main
 .text.SystemClock_Config
                0x08000d80       0x96 ./Core/Src/main.o
                0x08000d80                SystemClock_Config
 .text.Error_Handler
                0x08000e16        0xc ./Core/Src/main.o
                0x08000e16                Error_Handler
 *fill*         0x08000e22        0x2 
 .text.OLED_InitBuffer
                0x08000e24       0x68 ./Core/Src/oled.o
                0x08000e24                OLED_InitBuffer
 .text.OLED_ClearBuffer
                0x08000e8c       0x40 ./Core/Src/oled.o
                0x08000e8c                OLED_ClearBuffer
 .text.OLED_SendCommand
                0x08000ecc       0x34 ./Core/Src/oled.o
                0x08000ecc                OLED_SendCommand
 .text.OLED_Init
                0x08000f00       0xb2 ./Core/Src/oled.o
                0x08000f00                OLED_Init
 *fill*         0x08000fb2        0x2 
 .text.OLED_DisplayChar
                0x08000fb4      0x190 ./Core/Src/oled.o
                0x08000fb4                OLED_DisplayChar
 .text.OLED_DisplayString
                0x08001144       0x9a ./Core/Src/oled.o
                0x08001144                OLED_DisplayString
 *fill*         0x080011de        0x2 
 .text.RGB_Init
                0x080011e0       0x54 ./Core/Src/rgb_controller.o
                0x080011e0                RGB_Init
 .text.RGB_SetColor
                0x08001234       0x90 ./Core/Src/rgb_controller.o
                0x08001234                RGB_SetColor
 .text.RGB_Update
                0x080012c4       0x1c ./Core/Src/rgb_controller.o
                0x080012c4                RGB_Update
 .text.HAL_MspInit
                0x080012e0       0x48 ./Core/Src/stm32g4xx_hal_msp.o
                0x080012e0                HAL_MspInit
 .text.NMI_Handler
                0x08001328        0x8 ./Core/Src/stm32g4xx_it.o
                0x08001328                NMI_Handler
 .text.HardFault_Handler
                0x08001330        0x8 ./Core/Src/stm32g4xx_it.o
                0x08001330                HardFault_Handler
 .text.MemManage_Handler
                0x08001338        0x8 ./Core/Src/stm32g4xx_it.o
                0x08001338                MemManage_Handler
 .text.BusFault_Handler
                0x08001340        0x8 ./Core/Src/stm32g4xx_it.o
                0x08001340                BusFault_Handler
 .text.UsageFault_Handler
                0x08001348        0x8 ./Core/Src/stm32g4xx_it.o
                0x08001348                UsageFault_Handler
 .text.SVC_Handler
                0x08001350        0xe ./Core/Src/stm32g4xx_it.o
                0x08001350                SVC_Handler
 .text.DebugMon_Handler
                0x0800135e        0xe ./Core/Src/stm32g4xx_it.o
                0x0800135e                DebugMon_Handler
 .text.PendSV_Handler
                0x0800136c        0xe ./Core/Src/stm32g4xx_it.o
                0x0800136c                PendSV_Handler
 .text.SysTick_Handler
                0x0800137a        0xc ./Core/Src/stm32g4xx_it.o
                0x0800137a                SysTick_Handler
 *fill*         0x08001386        0x2 
 .text.DMA1_Channel1_IRQHandler
                0x08001388       0x14 ./Core/Src/stm32g4xx_it.o
                0x08001388                DMA1_Channel1_IRQHandler
 .text.DMA1_Channel2_IRQHandler
                0x0800139c       0x14 ./Core/Src/stm32g4xx_it.o
                0x0800139c                DMA1_Channel2_IRQHandler
 .text.DMA1_Channel3_IRQHandler
                0x080013b0       0x14 ./Core/Src/stm32g4xx_it.o
                0x080013b0                DMA1_Channel3_IRQHandler
 .text.USB_LP_IRQHandler
                0x080013c4       0x14 ./Core/Src/stm32g4xx_it.o
                0x080013c4                USB_LP_IRQHandler
 .text.SystemInit
                0x080013d8       0x24 ./Core/Src/system_stm32g4xx.o
                0x080013d8                SystemInit
 .text.MX_TIM3_Init
                0x080013fc       0xec ./Core/Src/tim.o
                0x080013fc                MX_TIM3_Init
 .text.HAL_TIM_Base_MspInit
                0x080014e8       0x98 ./Core/Src/tim.o
                0x080014e8                HAL_TIM_Base_MspInit
 .text.HAL_TIM_MspPostInit
                0x08001580       0x70 ./Core/Src/tim.o
                0x08001580                HAL_TIM_MspPostInit
 .text.MX_USART2_UART_Init
                0x080015f0       0x98 ./Core/Src/usart.o
                0x080015f0                MX_USART2_UART_Init
 .text.HAL_UART_MspInit
                0x08001688       0xb0 ./Core/Src/usart.o
                0x08001688                HAL_UART_MspInit
 .text.Reset_Handler
                0x08001738       0x50 ./Core/Startup/startup_stm32g431cbtx.o
                0x08001738                Reset_Handler
 .text.Default_Handler
                0x08001788        0x2 ./Core/Startup/startup_stm32g431cbtx.o
                0x08001788                RTC_Alarm_IRQHandler
                0x08001788                EXTI2_IRQHandler
                0x08001788                TIM8_TRG_COM_IRQHandler
                0x08001788                TIM8_CC_IRQHandler
                0x08001788                TIM1_CC_IRQHandler
                0x08001788                USB_HP_IRQHandler
                0x08001788                CORDIC_IRQHandler
                0x08001788                EXTI3_IRQHandler
                0x08001788                I2C3_ER_IRQHandler
                0x08001788                EXTI0_IRQHandler
                0x08001788                I2C2_EV_IRQHandler
                0x08001788                FPU_IRQHandler
                0x08001788                FDCAN1_IT1_IRQHandler
                0x08001788                TIM1_UP_TIM16_IRQHandler
                0x08001788                ADC1_2_IRQHandler
                0x08001788                SPI1_IRQHandler
                0x08001788                TIM6_DAC_IRQHandler
                0x08001788                TIM8_UP_IRQHandler
                0x08001788                DMA2_Channel2_IRQHandler
                0x08001788                DMA1_Channel4_IRQHandler
                0x08001788                USART3_IRQHandler
                0x08001788                TIM4_IRQHandler
                0x08001788                DMA2_Channel1_IRQHandler
                0x08001788                I2C1_EV_IRQHandler
                0x08001788                DMA1_Channel6_IRQHandler
                0x08001788                UART4_IRQHandler
                0x08001788                DMA2_Channel4_IRQHandler
                0x08001788                TIM3_IRQHandler
                0x08001788                RCC_IRQHandler
                0x08001788                Default_Handler
                0x08001788                RTC_TAMP_LSECSS_IRQHandler
                0x08001788                FMAC_IRQHandler
                0x08001788                EXTI15_10_IRQHandler
                0x08001788                TIM7_IRQHandler
                0x08001788                UCPD1_IRQHandler
                0x08001788                I2C3_EV_IRQHandler
                0x08001788                EXTI9_5_IRQHandler
                0x08001788                RTC_WKUP_IRQHandler
                0x08001788                PVD_PVM_IRQHandler
                0x08001788                SPI2_IRQHandler
                0x08001788                DMA2_Channel5_IRQHandler
                0x08001788                CRS_IRQHandler
                0x08001788                DMA1_Channel5_IRQHandler
                0x08001788                EXTI4_IRQHandler
                0x08001788                RNG_IRQHandler
                0x08001788                TIM1_TRG_COM_TIM17_IRQHandler
                0x08001788                WWDG_IRQHandler
                0x08001788                LPUART1_IRQHandler
                0x08001788                DMA2_Channel6_IRQHandler
                0x08001788                FDCAN1_IT0_IRQHandler
                0x08001788                TIM2_IRQHandler
                0x08001788                COMP1_2_3_IRQHandler
                0x08001788                EXTI1_IRQHandler
                0x08001788                USART2_IRQHandler
                0x08001788                I2C2_ER_IRQHandler
                0x08001788                TIM8_BRK_IRQHandler
                0x08001788                FLASH_IRQHandler
                0x08001788                USART1_IRQHandler
                0x08001788                SPI3_IRQHandler
                0x08001788                I2C1_ER_IRQHandler
                0x08001788                LPTIM1_IRQHandler
                0x08001788                DMAMUX_OVR_IRQHandler
                0x08001788                USBWakeUp_IRQHandler
                0x08001788                SAI1_IRQHandler
                0x08001788                DMA2_Channel3_IRQHandler
                0x08001788                COMP4_IRQHandler
                0x08001788                TIM1_BRK_TIM15_IRQHandler
 .text.HAL_Init
                0x0800178a       0x30 ./Drivers/STM32G4xx_HAL_Driver/Src/stm32g4xx_hal.o
                0x0800178a                HAL_Init
 *fill*         0x080017ba        0x2 
 .text.HAL_InitTick
                0x080017bc       0x74 ./Drivers/STM32G4xx_HAL_Driver/Src/stm32g4xx_hal.o
                0x080017bc                HAL_InitTick
 .text.HAL_IncTick
                0x08001830       0x24 ./Drivers/STM32G4xx_HAL_Driver/Src/stm32g4xx_hal.o
                0x08001830                HAL_IncTick
 .text.HAL_GetTick
                0x08001854       0x18 ./Drivers/STM32G4xx_HAL_Driver/Src/stm32g4xx_hal.o
                0x08001854                HAL_GetTick
 .text.HAL_Delay
                0x0800186c       0x44 ./Drivers/STM32G4xx_HAL_Driver/Src/stm32g4xx_hal.o
                0x0800186c                HAL_Delay
 .text.LL_ADC_SetCommonClock
                0x080018b0       0x26 ./Drivers/STM32G4xx_HAL_Driver/Src/stm32g4xx_hal_adc.o
 .text.LL_ADC_SetCommonPathInternalCh
                0x080018d6       0x26 ./Drivers/STM32G4xx_HAL_Driver/Src/stm32g4xx_hal_adc.o
 .text.LL_ADC_GetCommonPathInternalCh
                0x080018fc       0x1c ./Drivers/STM32G4xx_HAL_Driver/Src/stm32g4xx_hal_adc.o
 .text.LL_ADC_SetOffset
                0x08001918       0x48 ./Drivers/STM32G4xx_HAL_Driver/Src/stm32g4xx_hal_adc.o
 .text.LL_ADC_GetOffsetChannel
                0x08001960       0x2c ./Drivers/STM32G4xx_HAL_Driver/Src/stm32g4xx_hal_adc.o
 .text.LL_ADC_SetOffsetState
                0x0800198c       0x36 ./Drivers/STM32G4xx_HAL_Driver/Src/stm32g4xx_hal_adc.o
 .text.LL_ADC_SetOffsetSign
                0x080019c2       0x36 ./Drivers/STM32G4xx_HAL_Driver/Src/stm32g4xx_hal_adc.o
 .text.LL_ADC_SetOffsetSaturation
                0x080019f8       0x36 ./Drivers/STM32G4xx_HAL_Driver/Src/stm32g4xx_hal_adc.o
 .text.LL_ADC_SetSamplingTimeCommonConfig
                0x08001a2e       0x26 ./Drivers/STM32G4xx_HAL_Driver/Src/stm32g4xx_hal_adc.o
 .text.LL_ADC_REG_SetSequencerRanks
                0x08001a54       0x58 ./Drivers/STM32G4xx_HAL_Driver/Src/stm32g4xx_hal_adc.o
 .text.LL_ADC_SetChannelSamplingTime
                0x08001aac       0x56 ./Drivers/STM32G4xx_HAL_Driver/Src/stm32g4xx_hal_adc.o
 *fill*         0x08001b02        0x2 
 .text.LL_ADC_SetChannelSingleDiff
                0x08001b04       0x48 ./Drivers/STM32G4xx_HAL_Driver/Src/stm32g4xx_hal_adc.o
 .text.LL_ADC_DisableDeepPowerDown
                0x08001b4c       0x24 ./Drivers/STM32G4xx_HAL_Driver/Src/stm32g4xx_hal_adc.o
 .text.LL_ADC_IsDeepPowerDownEnabled
                0x08001b70       0x28 ./Drivers/STM32G4xx_HAL_Driver/Src/stm32g4xx_hal_adc.o
 .text.LL_ADC_EnableInternalRegulator
                0x08001b98       0x28 ./Drivers/STM32G4xx_HAL_Driver/Src/stm32g4xx_hal_adc.o
 .text.LL_ADC_IsInternalRegulatorEnabled
                0x08001bc0       0x28 ./Drivers/STM32G4xx_HAL_Driver/Src/stm32g4xx_hal_adc.o
 .text.LL_ADC_Disable
                0x08001be8       0x28 ./Drivers/STM32G4xx_HAL_Driver/Src/stm32g4xx_hal_adc.o
 .text.LL_ADC_IsEnabled
                0x08001c10       0x26 ./Drivers/STM32G4xx_HAL_Driver/Src/stm32g4xx_hal_adc.o
 .text.LL_ADC_IsDisableOngoing
                0x08001c36       0x26 ./Drivers/STM32G4xx_HAL_Driver/Src/stm32g4xx_hal_adc.o
 .text.LL_ADC_REG_IsConversionOngoing
                0x08001c5c       0x26 ./Drivers/STM32G4xx_HAL_Driver/Src/stm32g4xx_hal_adc.o
 .text.LL_ADC_INJ_IsConversionOngoing
                0x08001c82       0x26 ./Drivers/STM32G4xx_HAL_Driver/Src/stm32g4xx_hal_adc.o
 .text.HAL_ADC_Init
                0x08001ca8      0x308 ./Drivers/STM32G4xx_HAL_Driver/Src/stm32g4xx_hal_adc.o
                0x08001ca8                HAL_ADC_Init
 .text.HAL_ADC_ConfigChannel
                0x08001fb0      0x7e0 ./Drivers/STM32G4xx_HAL_Driver/Src/stm32g4xx_hal_adc.o
                0x08001fb0                HAL_ADC_ConfigChannel
 .text.ADC_Disable
                0x08002790       0xbe ./Drivers/STM32G4xx_HAL_Driver/Src/stm32g4xx_hal_adc.o
                0x08002790                ADC_Disable
 .text.LL_ADC_IsEnabled
                0x0800284e       0x26 ./Drivers/STM32G4xx_HAL_Driver/Src/stm32g4xx_hal_adc_ex.o
 .text.LL_ADC_StartCalibration
                0x08002874       0x32 ./Drivers/STM32G4xx_HAL_Driver/Src/stm32g4xx_hal_adc_ex.o
 .text.LL_ADC_IsCalibrationOnGoing
                0x080028a6       0x28 ./Drivers/STM32G4xx_HAL_Driver/Src/stm32g4xx_hal_adc_ex.o
 .text.LL_ADC_REG_IsConversionOngoing
                0x080028ce       0x26 ./Drivers/STM32G4xx_HAL_Driver/Src/stm32g4xx_hal_adc_ex.o
 .text.HAL_ADCEx_Calibration_Start
                0x080028f4       0xc4 ./Drivers/STM32G4xx_HAL_Driver/Src/stm32g4xx_hal_adc_ex.o
                0x080028f4                HAL_ADCEx_Calibration_Start
 .text.HAL_ADCEx_MultiModeConfigChannel
                0x080029b8      0x148 ./Drivers/STM32G4xx_HAL_Driver/Src/stm32g4xx_hal_adc_ex.o
                0x080029b8                HAL_ADCEx_MultiModeConfigChannel
 .text.__NVIC_SetPriorityGrouping
                0x08002b00       0x48 ./Drivers/STM32G4xx_HAL_Driver/Src/stm32g4xx_hal_cortex.o
 .text.__NVIC_GetPriorityGrouping
                0x08002b48       0x1c ./Drivers/STM32G4xx_HAL_Driver/Src/stm32g4xx_hal_cortex.o
 .text.__NVIC_EnableIRQ
                0x08002b64       0x3c ./Drivers/STM32G4xx_HAL_Driver/Src/stm32g4xx_hal_cortex.o
 .text.__NVIC_SetPriority
                0x08002ba0       0x54 ./Drivers/STM32G4xx_HAL_Driver/Src/stm32g4xx_hal_cortex.o
 .text.NVIC_EncodePriority
                0x08002bf4       0x66 ./Drivers/STM32G4xx_HAL_Driver/Src/stm32g4xx_hal_cortex.o
 *fill*         0x08002c5a        0x2 
 .text.SysTick_Config
                0x08002c5c       0x44 ./Drivers/STM32G4xx_HAL_Driver/Src/stm32g4xx_hal_cortex.o
 .text.HAL_NVIC_SetPriorityGrouping
                0x08002ca0       0x16 ./Drivers/STM32G4xx_HAL_Driver/Src/stm32g4xx_hal_cortex.o
                0x08002ca0                HAL_NVIC_SetPriorityGrouping
 .text.HAL_NVIC_SetPriority
                0x08002cb6       0x34 ./Drivers/STM32G4xx_HAL_Driver/Src/stm32g4xx_hal_cortex.o
                0x08002cb6                HAL_NVIC_SetPriority
 .text.HAL_NVIC_EnableIRQ
                0x08002cea       0x1c ./Drivers/STM32G4xx_HAL_Driver/Src/stm32g4xx_hal_cortex.o
                0x08002cea                HAL_NVIC_EnableIRQ
 .text.HAL_SYSTICK_Config
                0x08002d06       0x18 ./Drivers/STM32G4xx_HAL_Driver/Src/stm32g4xx_hal_cortex.o
                0x08002d06                HAL_SYSTICK_Config
 *fill*         0x08002d1e        0x2 
 .text.HAL_DMA_Init
                0x08002d20      0x150 ./Drivers/STM32G4xx_HAL_Driver/Src/stm32g4xx_hal_dma.o
                0x08002d20                HAL_DMA_Init
 .text.HAL_DMA_Start_IT
                0x08002e70       0xf6 ./Drivers/STM32G4xx_HAL_Driver/Src/stm32g4xx_hal_dma.o
                0x08002e70                HAL_DMA_Start_IT
 .text.HAL_DMA_IRQHandler
                0x08002f66      0x15e ./Drivers/STM32G4xx_HAL_Driver/Src/stm32g4xx_hal_dma.o
                0x08002f66                HAL_DMA_IRQHandler
 .text.DMA_SetConfig
                0x080030c4       0x7c ./Drivers/STM32G4xx_HAL_Driver/Src/stm32g4xx_hal_dma.o
 .text.DMA_CalcDMAMUXChannelBaseAndMask
                0x08003140       0x7c ./Drivers/STM32G4xx_HAL_Driver/Src/stm32g4xx_hal_dma.o
 .text.DMA_CalcDMAMUXRequestGenBaseAndMask
                0x080031bc       0x48 ./Drivers/STM32G4xx_HAL_Driver/Src/stm32g4xx_hal_dma.o
 .text.HAL_GPIO_Init
                0x08003204      0x304 ./Drivers/STM32G4xx_HAL_Driver/Src/stm32g4xx_hal_gpio.o
                0x08003204                HAL_GPIO_Init
 .text.HAL_GPIO_ReadPin
                0x08003508       0x30 ./Drivers/STM32G4xx_HAL_Driver/Src/stm32g4xx_hal_gpio.o
                0x08003508                HAL_GPIO_ReadPin
 .text.HAL_GPIO_WritePin
                0x08003538       0x30 ./Drivers/STM32G4xx_HAL_Driver/Src/stm32g4xx_hal_gpio.o
                0x08003538                HAL_GPIO_WritePin
 .text.HAL_I2C_Init
                0x08003568      0x136 ./Drivers/STM32G4xx_HAL_Driver/Src/stm32g4xx_hal_i2c.o
                0x08003568                HAL_I2C_Init
 *fill*         0x0800369e        0x2 
 .text.HAL_I2C_Master_Transmit
                0x080036a0      0x230 ./Drivers/STM32G4xx_HAL_Driver/Src/stm32g4xx_hal_i2c.o
                0x080036a0                HAL_I2C_Master_Transmit
 .text.I2C_Flush_TXDR
                0x080038d0       0x48 ./Drivers/STM32G4xx_HAL_Driver/Src/stm32g4xx_hal_i2c.o
 .text.I2C_WaitOnFlagUntilTimeout
                0x08003918       0xb2 ./Drivers/STM32G4xx_HAL_Driver/Src/stm32g4xx_hal_i2c.o
 .text.I2C_WaitOnTXISFlagUntilTimeout
                0x080039ca       0x8e ./Drivers/STM32G4xx_HAL_Driver/Src/stm32g4xx_hal_i2c.o
 .text.I2C_WaitOnSTOPFlagUntilTimeout
                0x08003a58       0x86 ./Drivers/STM32G4xx_HAL_Driver/Src/stm32g4xx_hal_i2c.o
 *fill*         0x08003ade        0x2 
 .text.I2C_IsErrorOccurred
                0x08003ae0      0x1c0 ./Drivers/STM32G4xx_HAL_Driver/Src/stm32g4xx_hal_i2c.o
 .text.I2C_TransferConfig
                0x08003ca0       0x64 ./Drivers/STM32G4xx_HAL_Driver/Src/stm32g4xx_hal_i2c.o
 .text.HAL_I2CEx_ConfigAnalogFilter
                0x08003d04       0x96 ./Drivers/STM32G4xx_HAL_Driver/Src/stm32g4xx_hal_i2c_ex.o
                0x08003d04                HAL_I2CEx_ConfigAnalogFilter
 .text.HAL_I2CEx_ConfigDigitalFilter
                0x08003d9a       0x98 ./Drivers/STM32G4xx_HAL_Driver/Src/stm32g4xx_hal_i2c_ex.o
                0x08003d9a                HAL_I2CEx_ConfigDigitalFilter
 .text.HAL_PCD_Init
                0x08003e32      0x19c ./Drivers/STM32G4xx_HAL_Driver/Src/stm32g4xx_hal_pcd.o
                0x08003e32                HAL_PCD_Init
 .text.HAL_PCD_Start
                0x08003fce       0x44 ./Drivers/STM32G4xx_HAL_Driver/Src/stm32g4xx_hal_pcd.o
                0x08003fce                HAL_PCD_Start
 .text.HAL_PCD_IRQHandler
                0x08004012      0x24e ./Drivers/STM32G4xx_HAL_Driver/Src/stm32g4xx_hal_pcd.o
                0x08004012                HAL_PCD_IRQHandler
 .text.HAL_PCD_SetAddress
                0x08004260       0x48 ./Drivers/STM32G4xx_HAL_Driver/Src/stm32g4xx_hal_pcd.o
                0x08004260                HAL_PCD_SetAddress
 .text.HAL_PCD_EP_Open
                0x080042a8       0xbe ./Drivers/STM32G4xx_HAL_Driver/Src/stm32g4xx_hal_pcd.o
                0x080042a8                HAL_PCD_EP_Open
 .text.HAL_PCD_EP_Close
                0x08004366       0x90 ./Drivers/STM32G4xx_HAL_Driver/Src/stm32g4xx_hal_pcd.o
                0x08004366                HAL_PCD_EP_Close
 .text.HAL_PCD_EP_Receive
                0x080043f6       0x62 ./Drivers/STM32G4xx_HAL_Driver/Src/stm32g4xx_hal_pcd.o
                0x080043f6                HAL_PCD_EP_Receive
 .text.HAL_PCD_EP_Transmit
                0x08004458       0x6e ./Drivers/STM32G4xx_HAL_Driver/Src/stm32g4xx_hal_pcd.o
                0x08004458                HAL_PCD_EP_Transmit
 .text.HAL_PCD_EP_SetStall
                0x080044c6       0xa4 ./Drivers/STM32G4xx_HAL_Driver/Src/stm32g4xx_hal_pcd.o
                0x080044c6                HAL_PCD_EP_SetStall
 .text.HAL_PCD_EP_ClrStall
                0x0800456a       0xa8 ./Drivers/STM32G4xx_HAL_Driver/Src/stm32g4xx_hal_pcd.o
                0x0800456a                HAL_PCD_EP_ClrStall
 .text.PCD_EP_ISR_Handler
                0x08004612      0x68e ./Drivers/STM32G4xx_HAL_Driver/Src/stm32g4xx_hal_pcd.o
 .text.HAL_PCD_EP_DB_Receive
                0x08004ca0      0x212 ./Drivers/STM32G4xx_HAL_Driver/Src/stm32g4xx_hal_pcd.o
 .text.HAL_PCD_EP_DB_Transmit
                0x08004eb2      0x878 ./Drivers/STM32G4xx_HAL_Driver/Src/stm32g4xx_hal_pcd.o
 .text.HAL_PCDEx_PMAConfig
                0x0800572a       0x86 ./Drivers/STM32G4xx_HAL_Driver/Src/stm32g4xx_hal_pcd_ex.o
                0x0800572a                HAL_PCDEx_PMAConfig
 .text.HAL_PCDEx_ActivateLPM
                0x080057b0       0x54 ./Drivers/STM32G4xx_HAL_Driver/Src/stm32g4xx_hal_pcd_ex.o
                0x080057b0                HAL_PCDEx_ActivateLPM
 .text.HAL_PCDEx_LPM_Callback
                0x08005804       0x18 ./Drivers/STM32G4xx_HAL_Driver/Src/stm32g4xx_hal_pcd_ex.o
                0x08005804                HAL_PCDEx_LPM_Callback
 .text.HAL_PWREx_ControlVoltageScaling
                0x0800581c      0x148 ./Drivers/STM32G4xx_HAL_Driver/Src/stm32g4xx_hal_pwr_ex.o
                0x0800581c                HAL_PWREx_ControlVoltageScaling
 .text.HAL_PWREx_DisableUCPDDeadBattery
                0x08005964       0x20 ./Drivers/STM32G4xx_HAL_Driver/Src/stm32g4xx_hal_pwr_ex.o
                0x08005964                HAL_PWREx_DisableUCPDDeadBattery
 .text.HAL_RCC_OscConfig
                0x08005984      0x624 ./Drivers/STM32G4xx_HAL_Driver/Src/stm32g4xx_hal_rcc.o
                0x08005984                HAL_RCC_OscConfig
 .text.HAL_RCC_ClockConfig
                0x08005fa8      0x278 ./Drivers/STM32G4xx_HAL_Driver/Src/stm32g4xx_hal_rcc.o
                0x08005fa8                HAL_RCC_ClockConfig
 .text.HAL_RCC_GetSysClockFreq
                0x08006220       0xc4 ./Drivers/STM32G4xx_HAL_Driver/Src/stm32g4xx_hal_rcc.o
                0x08006220                HAL_RCC_GetSysClockFreq
 .text.HAL_RCC_GetHCLKFreq
                0x080062e4       0x18 ./Drivers/STM32G4xx_HAL_Driver/Src/stm32g4xx_hal_rcc.o
                0x080062e4                HAL_RCC_GetHCLKFreq
 .text.HAL_RCC_GetPCLK1Freq
                0x080062fc       0x2c ./Drivers/STM32G4xx_HAL_Driver/Src/stm32g4xx_hal_rcc.o
                0x080062fc                HAL_RCC_GetPCLK1Freq
 .text.HAL_RCC_GetPCLK2Freq
                0x08006328       0x2c ./Drivers/STM32G4xx_HAL_Driver/Src/stm32g4xx_hal_rcc.o
                0x08006328                HAL_RCC_GetPCLK2Freq
 .text.RCC_GetSysClockFreqFromPLLSource
                0x08006354       0x8c ./Drivers/STM32G4xx_HAL_Driver/Src/stm32g4xx_hal_rcc.o
 .text.HAL_RCCEx_PeriphCLKConfig
                0x080063e0      0x3e0 ./Drivers/STM32G4xx_HAL_Driver/Src/stm32g4xx_hal_rcc_ex.o
                0x080063e0                HAL_RCCEx_PeriphCLKConfig
 .text.HAL_TIM_Base_Init
                0x080067c0       0xae ./Drivers/STM32G4xx_HAL_Driver/Src/stm32g4xx_hal_tim.o
                0x080067c0                HAL_TIM_Base_Init
 .text.HAL_TIM_PWM_Init
                0x0800686e       0xae ./Drivers/STM32G4xx_HAL_Driver/Src/stm32g4xx_hal_tim.o
                0x0800686e                HAL_TIM_PWM_Init
 .text.HAL_TIM_PWM_MspInit
                0x0800691c       0x14 ./Drivers/STM32G4xx_HAL_Driver/Src/stm32g4xx_hal_tim.o
                0x0800691c                HAL_TIM_PWM_MspInit
 .text.HAL_TIM_PWM_Start_DMA
                0x08006930      0x430 ./Drivers/STM32G4xx_HAL_Driver/Src/stm32g4xx_hal_tim.o
                0x08006930                HAL_TIM_PWM_Start_DMA
 .text.HAL_TIM_PWM_ConfigChannel
                0x08006d60      0x228 ./Drivers/STM32G4xx_HAL_Driver/Src/stm32g4xx_hal_tim.o
                0x08006d60                HAL_TIM_PWM_ConfigChannel
 .text.HAL_TIM_ConfigClockSource
                0x08006f88      0x1f4 ./Drivers/STM32G4xx_HAL_Driver/Src/stm32g4xx_hal_tim.o
                0x08006f88                HAL_TIM_ConfigClockSource
 .text.HAL_TIM_PWM_PulseFinishedCallback
                0x0800717c       0x14 ./Drivers/STM32G4xx_HAL_Driver/Src/stm32g4xx_hal_tim.o
                0x0800717c                HAL_TIM_PWM_PulseFinishedCallback
 .text.HAL_TIM_PWM_PulseFinishedHalfCpltCallback
                0x08007190       0x14 ./Drivers/STM32G4xx_HAL_Driver/Src/stm32g4xx_hal_tim.o
                0x08007190                HAL_TIM_PWM_PulseFinishedHalfCpltCallback
 .text.HAL_TIM_ErrorCallback
                0x080071a4       0x14 ./Drivers/STM32G4xx_HAL_Driver/Src/stm32g4xx_hal_tim.o
                0x080071a4                HAL_TIM_ErrorCallback
 .text.TIM_DMAError
                0x080071b8       0x92 ./Drivers/STM32G4xx_HAL_Driver/Src/stm32g4xx_hal_tim.o
                0x080071b8                TIM_DMAError
 .text.TIM_DMADelayPulseCplt
                0x0800724a       0xa8 ./Drivers/STM32G4xx_HAL_Driver/Src/stm32g4xx_hal_tim.o
 .text.TIM_DMADelayPulseHalfCplt
                0x080072f2       0x68 ./Drivers/STM32G4xx_HAL_Driver/Src/stm32g4xx_hal_tim.o
                0x080072f2                TIM_DMADelayPulseHalfCplt
 *fill*         0x0800735a        0x2 
 .text.TIM_Base_SetConfig
                0x0800735c      0x138 ./Drivers/STM32G4xx_HAL_Driver/Src/stm32g4xx_hal_tim.o
                0x0800735c                TIM_Base_SetConfig
 .text.TIM_OC1_SetConfig
                0x08007494      0x120 ./Drivers/STM32G4xx_HAL_Driver/Src/stm32g4xx_hal_tim.o
 .text.TIM_OC2_SetConfig
                0x080075b4      0x114 ./Drivers/STM32G4xx_HAL_Driver/Src/stm32g4xx_hal_tim.o
                0x080075b4                TIM_OC2_SetConfig
 .text.TIM_OC3_SetConfig
                0x080076c8      0x110 ./Drivers/STM32G4xx_HAL_Driver/Src/stm32g4xx_hal_tim.o
 .text.TIM_OC4_SetConfig
                0x080077d8      0x114 ./Drivers/STM32G4xx_HAL_Driver/Src/stm32g4xx_hal_tim.o
 .text.TIM_OC5_SetConfig
                0x080078ec       0xc8 ./Drivers/STM32G4xx_HAL_Driver/Src/stm32g4xx_hal_tim.o
 .text.TIM_OC6_SetConfig
                0x080079b4       0xcc ./Drivers/STM32G4xx_HAL_Driver/Src/stm32g4xx_hal_tim.o
 .text.TIM_TI1_ConfigInputStage
                0x08007a80       0x5e ./Drivers/STM32G4xx_HAL_Driver/Src/stm32g4xx_hal_tim.o
 .text.TIM_TI2_ConfigInputStage
                0x08007ade       0x60 ./Drivers/STM32G4xx_HAL_Driver/Src/stm32g4xx_hal_tim.o
 .text.TIM_ITRx_SetConfig
                0x08007b3e       0x3a ./Drivers/STM32G4xx_HAL_Driver/Src/stm32g4xx_hal_tim.o
 .text.TIM_ETR_SetConfig
                0x08007b78       0x40 ./Drivers/STM32G4xx_HAL_Driver/Src/stm32g4xx_hal_tim.o
                0x08007b78                TIM_ETR_SetConfig
 .text.TIM_CCxChannelCmd
                0x08007bb8       0x4a ./Drivers/STM32G4xx_HAL_Driver/Src/stm32g4xx_hal_tim.o
                0x08007bb8                TIM_CCxChannelCmd
 *fill*         0x08007c02        0x2 
 .text.HAL_TIMEx_MasterConfigSynchronization
                0x08007c04      0x104 ./Drivers/STM32G4xx_HAL_Driver/Src/stm32g4xx_hal_tim_ex.o
                0x08007c04                HAL_TIMEx_MasterConfigSynchronization
 .text.HAL_UART_Init
                0x08007d08       0xa0 ./Drivers/STM32G4xx_HAL_Driver/Src/stm32g4xx_hal_uart.o
                0x08007d08                HAL_UART_Init
 .text.UART_SetConfig
                0x08007da8      0x598 ./Drivers/STM32G4xx_HAL_Driver/Src/stm32g4xx_hal_uart.o
                0x08007da8                UART_SetConfig
 .text.UART_AdvFeatureConfig
                0x08008340      0x144 ./Drivers/STM32G4xx_HAL_Driver/Src/stm32g4xx_hal_uart.o
                0x08008340                UART_AdvFeatureConfig
 .text.UART_CheckIdleState
                0x08008484      0x154 ./Drivers/STM32G4xx_HAL_Driver/Src/stm32g4xx_hal_uart.o
                0x08008484                UART_CheckIdleState
 .text.UART_WaitOnFlagUntilTimeout
                0x080085d8       0xda ./Drivers/STM32G4xx_HAL_Driver/Src/stm32g4xx_hal_uart.o
                0x080085d8                UART_WaitOnFlagUntilTimeout
 .text.UART_EndRxTransfer
                0x080086b2       0xcc ./Drivers/STM32G4xx_HAL_Driver/Src/stm32g4xx_hal_uart.o
 .text.HAL_UARTEx_DisableFifoMode
                0x0800877e       0x72 ./Drivers/STM32G4xx_HAL_Driver/Src/stm32g4xx_hal_uart_ex.o
                0x0800877e                HAL_UARTEx_DisableFifoMode
 .text.HAL_UARTEx_SetTxFifoThreshold
                0x080087f0       0x7c ./Drivers/STM32G4xx_HAL_Driver/Src/stm32g4xx_hal_uart_ex.o
                0x080087f0                HAL_UARTEx_SetTxFifoThreshold
 .text.HAL_UARTEx_SetRxFifoThreshold
                0x0800886c       0x7c ./Drivers/STM32G4xx_HAL_Driver/Src/stm32g4xx_hal_uart_ex.o
                0x0800886c                HAL_UARTEx_SetRxFifoThreshold
 .text.UARTEx_SetNbDataToProcess
                0x080088e8       0x9c ./Drivers/STM32G4xx_HAL_Driver/Src/stm32g4xx_hal_uart_ex.o
 .text.USB_EnableGlobalInt
                0x08008984       0x2e ./Drivers/STM32G4xx_HAL_Driver/Src/stm32g4xx_ll_usb.o
                0x08008984                USB_EnableGlobalInt
 .text.USB_DisableGlobalInt
                0x080089b2       0x36 ./Drivers/STM32G4xx_HAL_Driver/Src/stm32g4xx_ll_usb.o
                0x080089b2                USB_DisableGlobalInt
 .text.USB_DevInit
                0x080089e8       0x3c ./Drivers/STM32G4xx_HAL_Driver/Src/stm32g4xx_ll_usb.o
                0x080089e8                USB_DevInit
 .text.USB_ActivateEndpoint
                0x08008a24      0x9d0 ./Drivers/STM32G4xx_HAL_Driver/Src/stm32g4xx_ll_usb.o
                0x08008a24                USB_ActivateEndpoint
 .text.USB_DeactivateEndpoint
                0x080093f4      0x3da ./Drivers/STM32G4xx_HAL_Driver/Src/stm32g4xx_ll_usb.o
                0x080093f4                USB_DeactivateEndpoint
 .text.USB_EPStartXfer
                0x080097ce      0xb5e ./Drivers/STM32G4xx_HAL_Driver/Src/stm32g4xx_ll_usb.o
                0x080097ce                USB_EPStartXfer
 .text.USB_EPSetStall
                0x0800a32c       0xa2 ./Drivers/STM32G4xx_HAL_Driver/Src/stm32g4xx_ll_usb.o
                0x0800a32c                USB_EPSetStall
 .text.USB_EPClearStall
                0x0800a3ce      0x152 ./Drivers/STM32G4xx_HAL_Driver/Src/stm32g4xx_ll_usb.o
                0x0800a3ce                USB_EPClearStall
 .text.USB_SetDevAddress
                0x0800a520       0x28 ./Drivers/STM32G4xx_HAL_Driver/Src/stm32g4xx_ll_usb.o
                0x0800a520                USB_SetDevAddress
 .text.USB_DevConnect
                0x0800a548       0x2e ./Drivers/STM32G4xx_HAL_Driver/Src/stm32g4xx_ll_usb.o
                0x0800a548                USB_DevConnect
 .text.USB_ReadInterrupts
                0x0800a576       0x20 ./Drivers/STM32G4xx_HAL_Driver/Src/stm32g4xx_ll_usb.o
                0x0800a576                USB_ReadInterrupts
 .text.USB_WritePMA
                0x0800a596       0x86 ./Drivers/STM32G4xx_HAL_Driver/Src/stm32g4xx_ll_usb.o
                0x0800a596                USB_WritePMA
 .text.USB_ReadPMA
                0x0800a61c       0x98 ./Drivers/STM32G4xx_HAL_Driver/Src/stm32g4xx_ll_usb.o
                0x0800a61c                USB_ReadPMA
 .text.USBD_HID_Init
                0x0800a6b4       0x66 ./Middlewares/ST/STM32_USB_Device_Library/Class/HID/Src/usbd_hid.o
 .text.USBD_HID_DeInit
                0x0800a71a       0x48 ./Middlewares/ST/STM32_USB_Device_Library/Class/HID/Src/usbd_hid.o
 *fill*         0x0800a762        0x2 
 .text.USBD_HID_Setup
                0x0800a764      0x208 ./Middlewares/ST/STM32_USB_Device_Library/Class/HID/Src/usbd_hid.o
 .text.USBD_HID_SendReport
                0x0800a96c       0x50 ./Middlewares/ST/STM32_USB_Device_Library/Class/HID/Src/usbd_hid.o
                0x0800a96c                USBD_HID_SendReport
 .text.USBD_HID_GetFSCfgDesc
                0x0800a9bc       0x20 ./Middlewares/ST/STM32_USB_Device_Library/Class/HID/Src/usbd_hid.o
 .text.USBD_HID_GetHSCfgDesc
                0x0800a9dc       0x20 ./Middlewares/ST/STM32_USB_Device_Library/Class/HID/Src/usbd_hid.o
 .text.USBD_HID_GetOtherSpeedCfgDesc
                0x0800a9fc       0x20 ./Middlewares/ST/STM32_USB_Device_Library/Class/HID/Src/usbd_hid.o
 .text.USBD_HID_DataIn
                0x0800aa1c       0x24 ./Middlewares/ST/STM32_USB_Device_Library/Class/HID/Src/usbd_hid.o
 .text.USBD_HID_GetDeviceQualifierDesc
                0x0800aa40       0x20 ./Middlewares/ST/STM32_USB_Device_Library/Class/HID/Src/usbd_hid.o
 .text.USBD_Init
                0x0800aa60       0x60 ./Middlewares/ST/STM32_USB_Device_Library/Core/Src/usbd_core.o
                0x0800aa60                USBD_Init
 .text.USBD_RegisterClass
                0x0800aac0       0x4e ./Middlewares/ST/STM32_USB_Device_Library/Core/Src/usbd_core.o
                0x0800aac0                USBD_RegisterClass
 .text.USBD_Start
                0x0800ab0e       0x18 ./Middlewares/ST/STM32_USB_Device_Library/Core/Src/usbd_core.o
                0x0800ab0e                USBD_Start
 .text.USBD_RunTestMode
                0x0800ab26       0x16 ./Middlewares/ST/STM32_USB_Device_Library/Core/Src/usbd_core.o
                0x0800ab26                USBD_RunTestMode
 .text.USBD_SetClassConfig
                0x0800ab3c       0x38 ./Middlewares/ST/STM32_USB_Device_Library/Core/Src/usbd_core.o
                0x0800ab3c                USBD_SetClassConfig
 .text.USBD_ClrClassConfig
                0x0800ab74       0x30 ./Middlewares/ST/STM32_USB_Device_Library/Core/Src/usbd_core.o
                0x0800ab74                USBD_ClrClassConfig
 .text.USBD_LL_SetupStage
                0x0800aba4       0xaa ./Middlewares/ST/STM32_USB_Device_Library/Core/Src/usbd_core.o
                0x0800aba4                USBD_LL_SetupStage
 .text.USBD_LL_DataOutStage
                0x0800ac4e       0xc6 ./Middlewares/ST/STM32_USB_Device_Library/Core/Src/usbd_core.o
                0x0800ac4e                USBD_LL_DataOutStage
 .text.USBD_LL_DataInStage
                0x0800ad14      0x12c ./Middlewares/ST/STM32_USB_Device_Library/Core/Src/usbd_core.o
                0x0800ad14                USBD_LL_DataInStage
 .text.USBD_LL_Reset
                0x0800ae40       0x9c ./Middlewares/ST/STM32_USB_Device_Library/Core/Src/usbd_core.o
                0x0800ae40                USBD_LL_Reset
 .text.USBD_LL_SetSpeed
                0x0800aedc       0x20 ./Middlewares/ST/STM32_USB_Device_Library/Core/Src/usbd_core.o
                0x0800aedc                USBD_LL_SetSpeed
 .text.USBD_LL_Suspend
                0x0800aefc       0x2c ./Middlewares/ST/STM32_USB_Device_Library/Core/Src/usbd_core.o
                0x0800aefc                USBD_LL_Suspend
 .text.USBD_LL_Resume
                0x0800af28       0x30 ./Middlewares/ST/STM32_USB_Device_Library/Core/Src/usbd_core.o
                0x0800af28                USBD_LL_Resume
 .text.USBD_LL_SOF
                0x0800af58       0x44 ./Middlewares/ST/STM32_USB_Device_Library/Core/Src/usbd_core.o
                0x0800af58                USBD_LL_SOF
 .text.SWAPBYTE
                0x0800af9c       0x3e ./Middlewares/ST/STM32_USB_Device_Library/Core/Src/usbd_ctlreq.o
 *fill*         0x0800afda        0x2 
 .text.USBD_StdDevReq
                0x0800afdc       0xdc ./Middlewares/ST/STM32_USB_Device_Library/Core/Src/usbd_ctlreq.o
                0x0800afdc                USBD_StdDevReq
 .text.USBD_StdItfReq
                0x0800b0b8       0x92 ./Middlewares/ST/STM32_USB_Device_Library/Core/Src/usbd_ctlreq.o
                0x0800b0b8                USBD_StdItfReq
 .text.USBD_StdEPReq
                0x0800b14a      0x2c4 ./Middlewares/ST/STM32_USB_Device_Library/Core/Src/usbd_ctlreq.o
                0x0800b14a                USBD_StdEPReq
 *fill*         0x0800b40e        0x2 
 .text.USBD_GetDescriptor
                0x0800b410      0x2d4 ./Middlewares/ST/STM32_USB_Device_Library/Core/Src/usbd_ctlreq.o
 .text.USBD_SetAddress
                0x0800b6e4       0x88 ./Middlewares/ST/STM32_USB_Device_Library/Core/Src/usbd_ctlreq.o
 .text.USBD_SetConfig
                0x0800b76c      0x14c ./Middlewares/ST/STM32_USB_Device_Library/Core/Src/usbd_ctlreq.o
 .text.USBD_GetConfig
                0x0800b8b8       0x6c ./Middlewares/ST/STM32_USB_Device_Library/Core/Src/usbd_ctlreq.o
 .text.USBD_GetStatus
                0x0800b924       0x68 ./Middlewares/ST/STM32_USB_Device_Library/Core/Src/usbd_ctlreq.o
 .text.USBD_SetFeature
                0x0800b98c       0x28 ./Middlewares/ST/STM32_USB_Device_Library/Core/Src/usbd_ctlreq.o
 .text.USBD_ClrFeature
                0x0800b9b4       0x44 ./Middlewares/ST/STM32_USB_Device_Library/Core/Src/usbd_ctlreq.o
 .text.USBD_ParseSetupRequest
                0x0800b9f8       0x74 ./Middlewares/ST/STM32_USB_Device_Library/Core/Src/usbd_ctlreq.o
                0x0800b9f8                USBD_ParseSetupRequest
 .text.USBD_CtlError
                0x0800ba6c       0x22 ./Middlewares/ST/STM32_USB_Device_Library/Core/Src/usbd_ctlreq.o
                0x0800ba6c                USBD_CtlError
 .text.USBD_GetString
                0x0800ba8e       0x8c ./Middlewares/ST/STM32_USB_Device_Library/Core/Src/usbd_ctlreq.o
                0x0800ba8e                USBD_GetString
 .text.USBD_GetLen
                0x0800bb1a       0x34 ./Middlewares/ST/STM32_USB_Device_Library/Core/Src/usbd_ctlreq.o
 .text.USBD_CtlSendData
                0x0800bb4e       0x36 ./Middlewares/ST/STM32_USB_Device_Library/Core/Src/usbd_ioreq.o
                0x0800bb4e                USBD_CtlSendData
 .text.USBD_CtlContinueSendData
                0x0800bb84       0x22 ./Middlewares/ST/STM32_USB_Device_Library/Core/Src/usbd_ioreq.o
                0x0800bb84                USBD_CtlContinueSendData
 .text.USBD_CtlContinueRx
                0x0800bba6       0x22 ./Middlewares/ST/STM32_USB_Device_Library/Core/Src/usbd_ioreq.o
                0x0800bba6                USBD_CtlContinueRx
 .text.USBD_CtlSendStatus
                0x0800bbc8       0x26 ./Middlewares/ST/STM32_USB_Device_Library/Core/Src/usbd_ioreq.o
                0x0800bbc8                USBD_CtlSendStatus
 .text.USBD_CtlReceiveStatus
                0x0800bbee       0x26 ./Middlewares/ST/STM32_USB_Device_Library/Core/Src/usbd_ioreq.o
                0x0800bbee                USBD_CtlReceiveStatus
 .text.MX_USB_Device_Init
                0x0800bc14       0x4c ./USB_Device/App/usb_device.o
                0x0800bc14                MX_USB_Device_Init
 .text.USBD_HID_DeviceDescriptor
                0x0800bc60       0x24 ./USB_Device/App/usbd_desc.o
                0x0800bc60                USBD_HID_DeviceDescriptor
 .text.USBD_HID_LangIDStrDescriptor
                0x0800bc84       0x24 ./USB_Device/App/usbd_desc.o
                0x0800bc84                USBD_HID_LangIDStrDescriptor
 .text.USBD_HID_ProductStrDescriptor
                0x0800bca8       0x3c ./USB_Device/App/usbd_desc.o
                0x0800bca8                USBD_HID_ProductStrDescriptor
 .text.USBD_HID_ManufacturerStrDescriptor
                0x0800bce4       0x28 ./USB_Device/App/usbd_desc.o
                0x0800bce4                USBD_HID_ManufacturerStrDescriptor
 .text.USBD_HID_SerialStrDescriptor
                0x0800bd0c       0x24 ./USB_Device/App/usbd_desc.o
                0x0800bd0c                USBD_HID_SerialStrDescriptor
 .text.USBD_HID_ConfigStrDescriptor
                0x0800bd30       0x3c ./USB_Device/App/usbd_desc.o
                0x0800bd30                USBD_HID_ConfigStrDescriptor
 .text.USBD_HID_InterfaceStrDescriptor
                0x0800bd6c       0x3c ./USB_Device/App/usbd_desc.o
                0x0800bd6c                USBD_HID_InterfaceStrDescriptor
 .text.Get_SerialNum
                0x0800bda8       0x58 ./USB_Device/App/usbd_desc.o
 .text.IntToUnicode
                0x0800be00       0x7e ./USB_Device/App/usbd_desc.o
 *fill*         0x0800be7e        0x2 
 .text.HAL_PCD_MspInit
                0x0800be80       0x78 ./USB_Device/Target/usbd_conf.o
                0x0800be80                HAL_PCD_MspInit
 .text.HAL_PCD_SetupStageCallback
                0x0800bef8       0x24 ./USB_Device/Target/usbd_conf.o
                0x0800bef8                HAL_PCD_SetupStageCallback
 .text.HAL_PCD_DataOutStageCallback
                0x0800bf1c       0x36 ./USB_Device/Target/usbd_conf.o
                0x0800bf1c                HAL_PCD_DataOutStageCallback
 .text.HAL_PCD_DataInStageCallback
                0x0800bf52       0x34 ./USB_Device/Target/usbd_conf.o
                0x0800bf52                HAL_PCD_DataInStageCallback
 .text.HAL_PCD_SOFCallback
                0x0800bf86       0x1c ./USB_Device/Target/usbd_conf.o
                0x0800bf86                HAL_PCD_SOFCallback
 .text.HAL_PCD_ResetCallback
                0x0800bfa2       0x3c ./USB_Device/Target/usbd_conf.o
                0x0800bfa2                HAL_PCD_ResetCallback
 *fill*         0x0800bfde        0x2 
 .text.HAL_PCD_SuspendCallback
                0x0800bfe0       0x34 ./USB_Device/Target/usbd_conf.o
                0x0800bfe0                HAL_PCD_SuspendCallback
 .text.HAL_PCD_ResumeCallback
                0x0800c014       0x38 ./USB_Device/Target/usbd_conf.o
                0x0800c014                HAL_PCD_ResumeCallback
 .text.USBD_LL_Init
                0x0800c04c       0x9c ./USB_Device/Target/usbd_conf.o
                0x0800c04c                USBD_LL_Init
 .text.USBD_LL_Start
                0x0800c0e8       0x36 ./USB_Device/Target/usbd_conf.o
                0x0800c0e8                USBD_LL_Start
 .text.USBD_LL_OpenEP
                0x0800c11e       0x4c ./USB_Device/Target/usbd_conf.o
                0x0800c11e                USBD_LL_OpenEP
 .text.USBD_LL_CloseEP
                0x0800c16a       0x3e ./USB_Device/Target/usbd_conf.o
                0x0800c16a                USBD_LL_CloseEP
 .text.USBD_LL_StallEP
                0x0800c1a8       0x3e ./USB_Device/Target/usbd_conf.o
                0x0800c1a8                USBD_LL_StallEP
 .text.USBD_LL_ClearStallEP
                0x0800c1e6       0x3e ./USB_Device/Target/usbd_conf.o
                0x0800c1e6                USBD_LL_ClearStallEP
 .text.USBD_LL_IsStallEP
                0x0800c224       0x58 ./USB_Device/Target/usbd_conf.o
                0x0800c224                USBD_LL_IsStallEP
 .text.USBD_LL_SetUSBAddress
                0x0800c27c       0x3e ./USB_Device/Target/usbd_conf.o
                0x0800c27c                USBD_LL_SetUSBAddress
 .text.USBD_LL_Transmit
                0x0800c2ba       0x42 ./USB_Device/Target/usbd_conf.o
                0x0800c2ba                USBD_LL_Transmit
 .text.USBD_LL_PrepareReceive
                0x0800c2fc       0x42 ./USB_Device/Target/usbd_conf.o
                0x0800c2fc                USBD_LL_PrepareReceive
 *fill*         0x0800c33e        0x2 
 .text.USBD_static_malloc
                0x0800c340       0x1c ./USB_Device/Target/usbd_conf.o
                0x0800c340                USBD_static_malloc
 .text.USBD_static_free
                0x0800c35c       0x14 ./USB_Device/Target/usbd_conf.o
                0x0800c35c                USBD_static_free
 .text.SystemClockConfig_Resume
                0x0800c370        0xc ./USB_Device/Target/usbd_conf.o
 .text.USBD_Get_USB_Status
                0x0800c37c       0x58 ./USB_Device/Target/usbd_conf.o
 .text.memset   0x0800c3d4       0x10 D:/mcu/STM/STM32CubeIDE/plugins/com.st.stm32cube.ide.mcu.externaltools.gnu-tools-for-stm32.13.3.rel1.win32_1.0.0.202411081344/tools/bin/../lib/gcc/arm-none-eabi/13.3.1/../../../../arm-none-eabi/lib/thumb/v7e-m+fp/hard\libc_nano.a(libc_a-memset.o)
                0x0800c3d4                memset
 .text.__libc_init_array
                0x0800c3e4       0x48 D:/mcu/STM/STM32CubeIDE/plugins/com.st.stm32cube.ide.mcu.externaltools.gnu-tools-for-stm32.13.3.rel1.win32_1.0.0.202411081344/tools/bin/../lib/gcc/arm-none-eabi/13.3.1/../../../../arm-none-eabi/lib/thumb/v7e-m+fp/hard\libc_nano.a(libc_a-init.o)
                0x0800c3e4                __libc_init_array
 *(.glue_7)
 .glue_7        0x0800c42c        0x0 linker stubs
 *(.glue_7t)
 .glue_7t       0x0800c42c        0x0 linker stubs
 *(.eh_frame)
 .eh_frame      0x0800c42c        0x0 D:/mcu/STM/STM32CubeIDE/plugins/com.st.stm32cube.ide.mcu.externaltools.gnu-tools-for-stm32.13.3.rel1.win32_1.0.0.202411081344/tools/bin/../lib/gcc/arm-none-eabi/13.3.1/thumb/v7e-m+fp/hard/crtbegin.o
 *(.init)
 .init          0x0800c42c        0x4 D:/mcu/STM/STM32CubeIDE/plugins/com.st.stm32cube.ide.mcu.externaltools.gnu-tools-for-stm32.13.3.rel1.win32_1.0.0.202411081344/tools/bin/../lib/gcc/arm-none-eabi/13.3.1/thumb/v7e-m+fp/hard/crti.o
                0x0800c42c                _init
 .init          0x0800c430        0x8 D:/mcu/STM/STM32CubeIDE/plugins/com.st.stm32cube.ide.mcu.externaltools.gnu-tools-for-stm32.13.3.rel1.win32_1.0.0.202411081344/tools/bin/../lib/gcc/arm-none-eabi/13.3.1/thumb/v7e-m+fp/hard/crtn.o
 *(.fini)
 .fini          0x0800c438        0x4 D:/mcu/STM/STM32CubeIDE/plugins/com.st.stm32cube.ide.mcu.externaltools.gnu-tools-for-stm32.13.3.rel1.win32_1.0.0.202411081344/tools/bin/../lib/gcc/arm-none-eabi/13.3.1/thumb/v7e-m+fp/hard/crti.o
                0x0800c438                _fini
 .fini          0x0800c43c        0x8 D:/mcu/STM/STM32CubeIDE/plugins/com.st.stm32cube.ide.mcu.externaltools.gnu-tools-for-stm32.13.3.rel1.win32_1.0.0.202411081344/tools/bin/../lib/gcc/arm-none-eabi/13.3.1/thumb/v7e-m+fp/hard/crtn.o
                0x0800c444                        . = ALIGN (0x4)
                0x0800c444                        _etext = .

.vfp11_veneer   0x0800c444        0x0
 .vfp11_veneer  0x0800c444        0x0 linker stubs

.v4_bx          0x0800c444        0x0
 .v4_bx         0x0800c444        0x0 linker stubs

.iplt           0x0800c444        0x0
 .iplt          0x0800c444        0x0 D:/mcu/STM/STM32CubeIDE/plugins/com.st.stm32cube.ide.mcu.externaltools.gnu-tools-for-stm32.13.3.rel1.win32_1.0.0.202411081344/tools/bin/../lib/gcc/arm-none-eabi/13.3.1/thumb/v7e-m+fp/hard/crtbegin.o

.rodata         0x0800c444      0x2d4
                0x0800c444                        . = ALIGN (0x4)
 *(.rodata)
 .rodata        0x0800c444        0xa ./Core/Src/keyboard_controller.o
 *fill*         0x0800c44e        0x2 
 .rodata        0x0800c450       0x46 ./USB_Device/App/usbd_desc.o
 *(.rodata*)
 *fill*         0x0800c496        0x2 
 .rodata.OLED_FONT_6x8
                0x0800c498      0x240 ./Core/Src/oled.o
                0x0800c498                OLED_FONT_6x8
 .rodata.AHBPrescTable
                0x0800c6d8       0x10 ./Core/Src/system_stm32g4xx.o
                0x0800c6d8                AHBPrescTable
 .rodata.APBPrescTable
                0x0800c6e8        0x8 ./Core/Src/system_stm32g4xx.o
                0x0800c6e8                APBPrescTable
 .rodata.UARTPrescTable
                0x0800c6f0       0x18 ./Drivers/STM32G4xx_HAL_Driver/Src/stm32g4xx_hal_uart.o
                0x0800c6f0                UARTPrescTable
 .rodata.numerator.1
                0x0800c708        0x8 ./Drivers/STM32G4xx_HAL_Driver/Src/stm32g4xx_hal_uart_ex.o
 .rodata.denominator.0
                0x0800c710        0x8 ./Drivers/STM32G4xx_HAL_Driver/Src/stm32g4xx_hal_uart_ex.o
                0x0800c718                        . = ALIGN (0x4)

.ARM.extab      0x0800c718        0x0
                0x0800c718                        . = ALIGN (0x4)
 *(.ARM.extab* .gnu.linkonce.armextab.*)
                0x0800c718                        . = ALIGN (0x4)

.ARM            0x0800c718        0x8
                0x0800c718                        . = ALIGN (0x4)
                0x0800c718                        __exidx_start = .
 *(.ARM.exidx*)
 .ARM.exidx     0x0800c718        0x8 D:/mcu/STM/STM32CubeIDE/plugins/com.st.stm32cube.ide.mcu.externaltools.gnu-tools-for-stm32.13.3.rel1.win32_1.0.0.202411081344/tools/bin/../lib/gcc/arm-none-eabi/13.3.1/thumb/v7e-m+fp/hard\libgcc.a(_udivmoddi4.o)
                0x0800c720                        __exidx_end = .
                0x0800c720                        . = ALIGN (0x4)

.preinit_array  0x0800c720        0x0
                0x0800c720                        . = ALIGN (0x4)
                0x0800c720                        PROVIDE (__preinit_array_start = .)
 *(.preinit_array*)
                0x0800c720                        PROVIDE (__preinit_array_end = .)
                0x0800c720                        . = ALIGN (0x4)

.init_array     0x0800c720        0x4
                0x0800c720                        . = ALIGN (0x4)
                0x0800c720                        PROVIDE (__init_array_start = .)
 *(SORT_BY_NAME(.init_array.*))
 *(.init_array*)
 .init_array    0x0800c720        0x4 D:/mcu/STM/STM32CubeIDE/plugins/com.st.stm32cube.ide.mcu.externaltools.gnu-tools-for-stm32.13.3.rel1.win32_1.0.0.202411081344/tools/bin/../lib/gcc/arm-none-eabi/13.3.1/thumb/v7e-m+fp/hard/crtbegin.o
                0x0800c724                        PROVIDE (__init_array_end = .)
                0x0800c724                        . = ALIGN (0x4)

.fini_array     0x0800c724        0x4
                0x0800c724                        . = ALIGN (0x4)
                [!provide]                        PROVIDE (__fini_array_start = .)
 *(SORT_BY_NAME(.fini_array.*))
 *(.fini_array*)
 .fini_array    0x0800c724        0x4 D:/mcu/STM/STM32CubeIDE/plugins/com.st.stm32cube.ide.mcu.externaltools.gnu-tools-for-stm32.13.3.rel1.win32_1.0.0.202411081344/tools/bin/../lib/gcc/arm-none-eabi/13.3.1/thumb/v7e-m+fp/hard/crtbegin.o
                [!provide]                        PROVIDE (__fini_array_end = .)
                0x0800c728                        . = ALIGN (0x4)
                0x0800c728                        _sidata = LOADADDR (.data)

.rel.dyn        0x0800c728        0x0
 .rel.iplt      0x0800c728        0x0 D:/mcu/STM/STM32CubeIDE/plugins/com.st.stm32cube.ide.mcu.externaltools.gnu-tools-for-stm32.13.3.rel1.win32_1.0.0.202411081344/tools/bin/../lib/gcc/arm-none-eabi/13.3.1/thumb/v7e-m+fp/hard/crtbegin.o

.data           0x20000000      0x168 load address 0x0800c728
                0x20000000                        . = ALIGN (0x4)
                0x20000000                        _sdata = .
 *(.data)
 *(.data*)
 .data.keyboard_mode
                0x20000000        0x1 ./Core/Src/keyboard_controller.o
 *fill*         0x20000001        0x3 
 .data.SystemCoreClock
                0x20000004        0x4 ./Core/Src/system_stm32g4xx.o
                0x20000004                SystemCoreClock
 .data.uwTickPrio
                0x20000008        0x4 ./Drivers/STM32G4xx_HAL_Driver/Src/stm32g4xx_hal.o
                0x20000008                uwTickPrio
 .data.uwTickFreq
                0x2000000c        0x4 ./Drivers/STM32G4xx_HAL_Driver/Src/stm32g4xx_hal.o
                0x2000000c                uwTickFreq
 .data.USBD_HID
                0x20000010       0x38 ./Middlewares/ST/STM32_USB_Device_Library/Class/HID/Src/usbd_hid.o
                0x20000010                USBD_HID
 .data.USBD_HID_CfgFSDesc
                0x20000048       0x22 ./Middlewares/ST/STM32_USB_Device_Library/Class/HID/Src/usbd_hid.o
 *fill*         0x2000006a        0x2 
 .data.USBD_HID_CfgHSDesc
                0x2000006c       0x22 ./Middlewares/ST/STM32_USB_Device_Library/Class/HID/Src/usbd_hid.o
 *fill*         0x2000008e        0x2 
 .data.USBD_HID_OtherSpeedCfgDesc
                0x20000090       0x22 ./Middlewares/ST/STM32_USB_Device_Library/Class/HID/Src/usbd_hid.o
 *fill*         0x200000b2        0x2 
 .data.USBD_HID_Desc
                0x200000b4        0x9 ./Middlewares/ST/STM32_USB_Device_Library/Class/HID/Src/usbd_hid.o
 *fill*         0x200000bd        0x3 
 .data.USBD_HID_DeviceQualifierDesc
                0x200000c0        0xa ./Middlewares/ST/STM32_USB_Device_Library/Class/HID/Src/usbd_hid.o
 *fill*         0x200000ca        0x2 
 .data.HID_MOUSE_ReportDesc
                0x200000cc       0x4a ./Middlewares/ST/STM32_USB_Device_Library/Class/HID/Src/usbd_hid.o
 *fill*         0x20000116        0x2 
 .data.HID_Desc
                0x20000118       0x1c ./USB_Device/App/usbd_desc.o
                0x20000118                HID_Desc
 .data.USBD_HID_DeviceDesc
                0x20000134       0x12 ./USB_Device/App/usbd_desc.o
                0x20000134                USBD_HID_DeviceDesc
 *fill*         0x20000146        0x2 
 .data.USBD_LangIDDesc
                0x20000148        0x4 ./USB_Device/App/usbd_desc.o
                0x20000148                USBD_LangIDDesc
 .data.USBD_StringSerial
                0x2000014c       0x1a ./USB_Device/App/usbd_desc.o
                0x2000014c                USBD_StringSerial
 *(.RamFunc)
 *(.RamFunc*)
                0x20000168                        . = ALIGN (0x4)
 *fill*         0x20000166        0x2 
                0x20000168                        _edata = .

.igot.plt       0x20000168        0x0 load address 0x0800c890
 .igot.plt      0x20000168        0x0 D:/mcu/STM/STM32CubeIDE/plugins/com.st.stm32cube.ide.mcu.externaltools.gnu-tools-for-stm32.13.3.rel1.win32_1.0.0.202411081344/tools/bin/../lib/gcc/arm-none-eabi/13.3.1/thumb/v7e-m+fp/hard/crtbegin.o
                0x20000168                        . = ALIGN (0x4)

.bss            0x20000168     0x1454 load address 0x0800c890
                0x20000168                        _sbss = .
                0x20000168                        __bss_start__ = _sbss
 *(.bss)
 .bss           0x20000168       0x1c D:/mcu/STM/STM32CubeIDE/plugins/com.st.stm32cube.ide.mcu.externaltools.gnu-tools-for-stm32.13.3.rel1.win32_1.0.0.202411081344/tools/bin/../lib/gcc/arm-none-eabi/13.3.1/thumb/v7e-m+fp/hard/crtbegin.o
 *(.bss*)
 .bss.hadc1     0x20000184       0x6c ./Core/Src/adc.o
                0x20000184                hadc1
 .bss.hadc2     0x200001f0       0x6c ./Core/Src/adc.o
                0x200001f0                hadc2
 .bss.hdma_adc1
                0x2000025c       0x60 ./Core/Src/adc.o
                0x2000025c                hdma_adc1
 .bss.hdma_adc2
                0x200002bc       0x60 ./Core/Src/adc.o
                0x200002bc                hdma_adc2
 .bss.HAL_RCC_ADC12_CLK_ENABLED
                0x2000031c        0x4 ./Core/Src/adc.o
 .bss.filter_adc_1
                0x20000320        0x4 ./Core/Src/adc_controller.o
                0x20000320                filter_adc_1
 .bss.filter_adc_2
                0x20000324        0x4 ./Core/Src/adc_controller.o
                0x20000324                filter_adc_2
 .bss.hi2c1     0x20000328       0x54 ./Core/Src/i2c.o
                0x20000328                hi2c1
 .bss.hid_buffer
                0x2000037c        0x6 ./Core/Src/keyboard_controller.o
                0x2000037c                hid_buffer
 .bss.oled_update_flag
                0x20000382        0x1 ./Core/Src/oled.o
                0x20000382                oled_update_flag
 .bss.oled_dma_busy
                0x20000383        0x1 ./Core/Src/oled.o
                0x20000383                oled_dma_busy
 .bss.oled_dirty_pages
                0x20000384        0x8 ./Core/Src/oled.o
                0x20000384                oled_dirty_pages
 .bss.OLED_BackBuffer
                0x2000038c      0x400 ./Core/Src/oled.o
                0x2000038c                OLED_BackBuffer
 .bss.OLED_FrontBuffer
                0x2000078c      0x401 ./Core/Src/oled.o
                0x2000078c                OLED_FrontBuffer
 *fill*         0x20000b8d        0x3 
 .bss.ws2812_buffer
                0x20000b90      0x124 ./Core/Src/rgb_controller.o
 .bss.htim3     0x20000cb4       0x4c ./Core/Src/tim.o
                0x20000cb4                htim3
 .bss.hdma_tim3_ch1
                0x20000d00       0x60 ./Core/Src/tim.o
                0x20000d00                hdma_tim3_ch1
 .bss.huart2    0x20000d60       0x94 ./Core/Src/usart.o
                0x20000d60                huart2
 .bss.uwTick    0x20000df4        0x4 ./Drivers/STM32G4xx_HAL_Driver/Src/stm32g4xx_hal.o
                0x20000df4                uwTick
 .bss.cfgidx.0  0x20000df8        0x1 ./Middlewares/ST/STM32_USB_Device_Library/Core/Src/usbd_ctlreq.o
 *fill*         0x20000df9        0x3 
 .bss.hUsbDeviceFS
                0x20000dfc      0x2d0 ./USB_Device/App/usb_device.o
                0x20000dfc                hUsbDeviceFS
 .bss.USBD_StrDesc
                0x200010cc      0x200 ./USB_Device/App/usbd_desc.o
                0x200010cc                USBD_StrDesc
 .bss.hpcd_USB_FS
                0x200012cc      0x2dc ./USB_Device/Target/usbd_conf.o
                0x200012cc                hpcd_USB_FS
 .bss.mem.0     0x200015a8       0x14 ./USB_Device/Target/usbd_conf.o
 *(COMMON)
                0x200015bc                        . = ALIGN (0x4)
                0x200015bc                        _ebss = .
                0x200015bc                        __bss_end__ = _ebss

._user_heap_stack
                0x200015bc      0x604 load address 0x0800c890
                0x200015c0                        . = ALIGN (0x8)
 *fill*         0x200015bc        0x4 
                [!provide]                        PROVIDE (end = .)
                0x200015c0                        PROVIDE (_end = .)
                0x200017c0                        . = (. + _Min_Heap_Size)
 *fill*         0x200015c0      0x200 
                0x20001bc0                        . = (. + _Min_Stack_Size)
 *fill*         0x200017c0      0x400 
                0x20001bc0                        . = ALIGN (0x8)

/DISCARD/
 libc.a(*)
 libm.a(*)
 libgcc.a(*)

.ARM.attributes
                0x00000000       0x30
 *(.ARM.attributes)
 .ARM.attributes
                0x00000000       0x22 D:/mcu/STM/STM32CubeIDE/plugins/com.st.stm32cube.ide.mcu.externaltools.gnu-tools-for-stm32.13.3.rel1.win32_1.0.0.202411081344/tools/bin/../lib/gcc/arm-none-eabi/13.3.1/thumb/v7e-m+fp/hard/crti.o
 .ARM.attributes
                0x00000022       0x34 D:/mcu/STM/STM32CubeIDE/plugins/com.st.stm32cube.ide.mcu.externaltools.gnu-tools-for-stm32.13.3.rel1.win32_1.0.0.202411081344/tools/bin/../lib/gcc/arm-none-eabi/13.3.1/thumb/v7e-m+fp/hard/crtbegin.o
 .ARM.attributes
                0x00000056       0x34 ./Core/Src/adc.o
 .ARM.attributes
                0x0000008a       0x34 ./Core/Src/adc_controller.o
 .ARM.attributes
                0x000000be       0x34 ./Core/Src/dma.o
 .ARM.attributes
                0x000000f2       0x34 ./Core/Src/gpio.o
 .ARM.attributes
                0x00000126       0x34 ./Core/Src/i2c.o
 .ARM.attributes
                0x0000015a       0x34 ./Core/Src/keyboard_controller.o
 .ARM.attributes
                0x0000018e       0x34 ./Core/Src/main.o
 .ARM.attributes
                0x000001c2       0x34 ./Core/Src/oled.o
 .ARM.attributes
                0x000001f6       0x34 ./Core/Src/rgb_controller.o
 .ARM.attributes
                0x0000022a       0x34 ./Core/Src/stm32g4xx_hal_msp.o
 .ARM.attributes
                0x0000025e       0x34 ./Core/Src/stm32g4xx_it.o
 .ARM.attributes
                0x00000292       0x34 ./Core/Src/system_stm32g4xx.o
 .ARM.attributes
                0x000002c6       0x34 ./Core/Src/tim.o
 .ARM.attributes
                0x000002fa       0x34 ./Core/Src/usart.o
 .ARM.attributes
                0x0000032e       0x21 ./Core/Startup/startup_stm32g431cbtx.o
 .ARM.attributes
                0x0000034f       0x34 ./Drivers/STM32G4xx_HAL_Driver/Src/stm32g4xx_hal.o
 .ARM.attributes
                0x00000383       0x34 ./Drivers/STM32G4xx_HAL_Driver/Src/stm32g4xx_hal_adc.o
 .ARM.attributes
                0x000003b7       0x34 ./Drivers/STM32G4xx_HAL_Driver/Src/stm32g4xx_hal_adc_ex.o
 .ARM.attributes
                0x000003eb       0x34 ./Drivers/STM32G4xx_HAL_Driver/Src/stm32g4xx_hal_cortex.o
 .ARM.attributes
                0x0000041f       0x34 ./Drivers/STM32G4xx_HAL_Driver/Src/stm32g4xx_hal_dma.o
 .ARM.attributes
                0x00000453       0x34 ./Drivers/STM32G4xx_HAL_Driver/Src/stm32g4xx_hal_gpio.o
 .ARM.attributes
                0x00000487       0x34 ./Drivers/STM32G4xx_HAL_Driver/Src/stm32g4xx_hal_i2c.o
 .ARM.attributes
                0x000004bb       0x34 ./Drivers/STM32G4xx_HAL_Driver/Src/stm32g4xx_hal_i2c_ex.o
 .ARM.attributes
                0x000004ef       0x34 ./Drivers/STM32G4xx_HAL_Driver/Src/stm32g4xx_hal_pcd.o
 .ARM.attributes
                0x00000523       0x34 ./Drivers/STM32G4xx_HAL_Driver/Src/stm32g4xx_hal_pcd_ex.o
 .ARM.attributes
                0x00000557       0x34 ./Drivers/STM32G4xx_HAL_Driver/Src/stm32g4xx_hal_pwr_ex.o
 .ARM.attributes
                0x0000058b       0x34 ./Drivers/STM32G4xx_HAL_Driver/Src/stm32g4xx_hal_rcc.o
 .ARM.attributes
                0x000005bf       0x34 ./Drivers/STM32G4xx_HAL_Driver/Src/stm32g4xx_hal_rcc_ex.o
 .ARM.attributes
                0x000005f3       0x34 ./Drivers/STM32G4xx_HAL_Driver/Src/stm32g4xx_hal_tim.o
 .ARM.attributes
                0x00000627       0x34 ./Drivers/STM32G4xx_HAL_Driver/Src/stm32g4xx_hal_tim_ex.o
 .ARM.attributes
                0x0000065b       0x34 ./Drivers/STM32G4xx_HAL_Driver/Src/stm32g4xx_hal_uart.o
 .ARM.attributes
                0x0000068f       0x34 ./Drivers/STM32G4xx_HAL_Driver/Src/stm32g4xx_hal_uart_ex.o
 .ARM.attributes
                0x000006c3       0x34 ./Drivers/STM32G4xx_HAL_Driver/Src/stm32g4xx_ll_usb.o
 .ARM.attributes
                0x000006f7       0x34 ./Middlewares/ST/STM32_USB_Device_Library/Class/HID/Src/usbd_hid.o
 .ARM.attributes
                0x0000072b       0x34 ./Middlewares/ST/STM32_USB_Device_Library/Core/Src/usbd_core.o
 .ARM.attributes
                0x0000075f       0x34 ./Middlewares/ST/STM32_USB_Device_Library/Core/Src/usbd_ctlreq.o
 .ARM.attributes
                0x00000793       0x34 ./Middlewares/ST/STM32_USB_Device_Library/Core/Src/usbd_ioreq.o
 .ARM.attributes
                0x000007c7       0x34 ./USB_Device/App/usb_device.o
 .ARM.attributes
                0x000007fb       0x34 ./USB_Device/App/usbd_desc.o
 .ARM.attributes
                0x0000082f       0x34 ./USB_Device/Target/usbd_conf.o
 .ARM.attributes
                0x00000863       0x34 D:/mcu/STM/STM32CubeIDE/plugins/com.st.stm32cube.ide.mcu.externaltools.gnu-tools-for-stm32.13.3.rel1.win32_1.0.0.202411081344/tools/bin/../lib/gcc/arm-none-eabi/13.3.1/../../../../arm-none-eabi/lib/thumb/v7e-m+fp/hard\libc_nano.a(libc_a-memset.o)
 .ARM.attributes
                0x00000897       0x34 D:/mcu/STM/STM32CubeIDE/plugins/com.st.stm32cube.ide.mcu.externaltools.gnu-tools-for-stm32.13.3.rel1.win32_1.0.0.202411081344/tools/bin/../lib/gcc/arm-none-eabi/13.3.1/../../../../arm-none-eabi/lib/thumb/v7e-m+fp/hard\libc_nano.a(libc_a-init.o)
 .ARM.attributes
                0x000008cb       0x22 D:/mcu/STM/STM32CubeIDE/plugins/com.st.stm32cube.ide.mcu.externaltools.gnu-tools-for-stm32.13.3.rel1.win32_1.0.0.202411081344/tools/bin/../lib/gcc/arm-none-eabi/13.3.1/thumb/v7e-m+fp/hard\libgcc.a(_aeabi_uldivmod.o)
 .ARM.attributes
                0x000008ed       0x34 D:/mcu/STM/STM32CubeIDE/plugins/com.st.stm32cube.ide.mcu.externaltools.gnu-tools-for-stm32.13.3.rel1.win32_1.0.0.202411081344/tools/bin/../lib/gcc/arm-none-eabi/13.3.1/thumb/v7e-m+fp/hard\libgcc.a(_udivmoddi4.o)
 .ARM.attributes
                0x00000921       0x22 D:/mcu/STM/STM32CubeIDE/plugins/com.st.stm32cube.ide.mcu.externaltools.gnu-tools-for-stm32.13.3.rel1.win32_1.0.0.202411081344/tools/bin/../lib/gcc/arm-none-eabi/13.3.1/thumb/v7e-m+fp/hard\libgcc.a(_dvmd_tls.o)
 .ARM.attributes
                0x00000943       0x22 D:/mcu/STM/STM32CubeIDE/plugins/com.st.stm32cube.ide.mcu.externaltools.gnu-tools-for-stm32.13.3.rel1.win32_1.0.0.202411081344/tools/bin/../lib/gcc/arm-none-eabi/13.3.1/thumb/v7e-m+fp/hard/crtn.o
OUTPUT(STM_Keyboard.elf elf32-littlearm)
LOAD linker stubs
LOAD D:/mcu/STM/STM32CubeIDE/plugins/com.st.stm32cube.ide.mcu.externaltools.gnu-tools-for-stm32.13.3.rel1.win32_1.0.0.202411081344/tools/bin/../lib/gcc/arm-none-eabi/13.3.1/../../../../arm-none-eabi/lib/thumb/v7e-m+fp/hard\libc.a
LOAD D:/mcu/STM/STM32CubeIDE/plugins/com.st.stm32cube.ide.mcu.externaltools.gnu-tools-for-stm32.13.3.rel1.win32_1.0.0.202411081344/tools/bin/../lib/gcc/arm-none-eabi/13.3.1/../../../../arm-none-eabi/lib/thumb/v7e-m+fp/hard\libm.a
LOAD D:/mcu/STM/STM32CubeIDE/plugins/com.st.stm32cube.ide.mcu.externaltools.gnu-tools-for-stm32.13.3.rel1.win32_1.0.0.202411081344/tools/bin/../lib/gcc/arm-none-eabi/13.3.1/thumb/v7e-m+fp/hard\libgcc.a

.debug_info     0x00000000    0x25799
 .debug_info    0x00000000      0xfea ./Core/Src/adc.o
 .debug_info    0x00000fea      0x95a ./Core/Src/adc_controller.o
 .debug_info    0x00001944      0x4f2 ./Core/Src/dma.o
 .debug_info    0x00001e36      0x47f ./Core/Src/gpio.o
 .debug_info    0x000022b5      0xc8c ./Core/Src/i2c.o
 .debug_info    0x00002f41      0x71a ./Core/Src/keyboard_controller.o
 .debug_info    0x0000365b      0x321 ./Core/Src/main.o
 .debug_info    0x0000397c     0x11b5 ./Core/Src/oled.o
 .debug_info    0x00004b31      0x943 ./Core/Src/rgb_controller.o
 .debug_info    0x00005474      0x2da ./Core/Src/stm32g4xx_hal_msp.o
 .debug_info    0x0000574e      0x9b2 ./Core/Src/stm32g4xx_it.o
 .debug_info    0x00006100      0x58e ./Core/Src/system_stm32g4xx.o
 .debug_info    0x0000668e      0xe5c ./Core/Src/tim.o
 .debug_info    0x000074ea      0xd6f ./Core/Src/usart.o
 .debug_info    0x00008259       0x30 ./Core/Startup/startup_stm32g431cbtx.o
 .debug_info    0x00008289      0xadb ./Drivers/STM32G4xx_HAL_Driver/Src/stm32g4xx_hal.o
 .debug_info    0x00008d64     0x2063 ./Drivers/STM32G4xx_HAL_Driver/Src/stm32g4xx_hal_adc.o
 .debug_info    0x0000adc7     0x1d80 ./Drivers/STM32G4xx_HAL_Driver/Src/stm32g4xx_hal_adc_ex.o
 .debug_info    0x0000cb47      0xd3f ./Drivers/STM32G4xx_HAL_Driver/Src/stm32g4xx_hal_cortex.o
 .debug_info    0x0000d886      0x85f ./Drivers/STM32G4xx_HAL_Driver/Src/stm32g4xx_hal_dma.o
 .debug_info    0x0000e0e5      0x763 ./Drivers/STM32G4xx_HAL_Driver/Src/stm32g4xx_hal_gpio.o
 .debug_info    0x0000e848     0x21ea ./Drivers/STM32G4xx_HAL_Driver/Src/stm32g4xx_hal_i2c.o
 .debug_info    0x00010a32      0xad6 ./Drivers/STM32G4xx_HAL_Driver/Src/stm32g4xx_hal_i2c_ex.o
 .debug_info    0x00011508     0x1610 ./Drivers/STM32G4xx_HAL_Driver/Src/stm32g4xx_hal_pcd.o
 .debug_info    0x00012b18      0x80a ./Drivers/STM32G4xx_HAL_Driver/Src/stm32g4xx_hal_pcd_ex.o
 .debug_info    0x00013322      0x93f ./Drivers/STM32G4xx_HAL_Driver/Src/stm32g4xx_hal_pwr_ex.o
 .debug_info    0x00013c61      0xb82 ./Drivers/STM32G4xx_HAL_Driver/Src/stm32g4xx_hal_rcc.o
 .debug_info    0x000147e3      0xc15 ./Drivers/STM32G4xx_HAL_Driver/Src/stm32g4xx_hal_rcc_ex.o
 .debug_info    0x000153f8     0x2c52 ./Drivers/STM32G4xx_HAL_Driver/Src/stm32g4xx_hal_tim.o
 .debug_info    0x0001804a     0x1d95 ./Drivers/STM32G4xx_HAL_Driver/Src/stm32g4xx_hal_tim_ex.o
 .debug_info    0x00019ddf     0x481e ./Drivers/STM32G4xx_HAL_Driver/Src/stm32g4xx_hal_uart.o
 .debug_info    0x0001e5fd      0xfdd ./Drivers/STM32G4xx_HAL_Driver/Src/stm32g4xx_hal_uart_ex.o
 .debug_info    0x0001f5da     0x1577 ./Drivers/STM32G4xx_HAL_Driver/Src/stm32g4xx_ll_usb.o
 .debug_info    0x00020b51      0x997 ./Middlewares/ST/STM32_USB_Device_Library/Class/HID/Src/usbd_hid.o
 .debug_info    0x000214e8      0xb0e ./Middlewares/ST/STM32_USB_Device_Library/Core/Src/usbd_core.o
 .debug_info    0x00021ff6      0xa4a ./Middlewares/ST/STM32_USB_Device_Library/Core/Src/usbd_ctlreq.o
 .debug_info    0x00022a40      0x713 ./Middlewares/ST/STM32_USB_Device_Library/Core/Src/usbd_ioreq.o
 .debug_info    0x00023153      0x5ad ./USB_Device/App/usb_device.o
 .debug_info    0x00023700      0x453 ./USB_Device/App/usbd_desc.o
 .debug_info    0x00023b53     0x1c46 ./USB_Device/Target/usbd_conf.o

.debug_abbrev   0x00000000     0x55b5
 .debug_abbrev  0x00000000      0x235 ./Core/Src/adc.o
 .debug_abbrev  0x00000235      0x18b ./Core/Src/adc_controller.o
 .debug_abbrev  0x000003c0      0x109 ./Core/Src/dma.o
 .debug_abbrev  0x000004c9      0x152 ./Core/Src/gpio.o
 .debug_abbrev  0x0000061b      0x213 ./Core/Src/i2c.o
 .debug_abbrev  0x0000082e      0x1ee ./Core/Src/keyboard_controller.o
 .debug_abbrev  0x00000a1c      0x179 ./Core/Src/main.o
 .debug_abbrev  0x00000b95      0x32f ./Core/Src/oled.o
 .debug_abbrev  0x00000ec4      0x22c ./Core/Src/rgb_controller.o
 .debug_abbrev  0x000010f0       0xd9 ./Core/Src/stm32g4xx_hal_msp.o
 .debug_abbrev  0x000011c9      0x1b1 ./Core/Src/stm32g4xx_it.o
 .debug_abbrev  0x0000137a      0x11a ./Core/Src/system_stm32g4xx.o
 .debug_abbrev  0x00001494      0x240 ./Core/Src/tim.o
 .debug_abbrev  0x000016d4      0x20d ./Core/Src/usart.o
 .debug_abbrev  0x000018e1       0x24 ./Core/Startup/startup_stm32g431cbtx.o
 .debug_abbrev  0x00001905      0x271 ./Drivers/STM32G4xx_HAL_Driver/Src/stm32g4xx_hal.o
 .debug_abbrev  0x00001b76      0x2d3 ./Drivers/STM32G4xx_HAL_Driver/Src/stm32g4xx_hal_adc.o
 .debug_abbrev  0x00001e49      0x2ee ./Drivers/STM32G4xx_HAL_Driver/Src/stm32g4xx_hal_adc_ex.o
 .debug_abbrev  0x00002137      0x31c ./Drivers/STM32G4xx_HAL_Driver/Src/stm32g4xx_hal_cortex.o
 .debug_abbrev  0x00002453      0x1e2 ./Drivers/STM32G4xx_HAL_Driver/Src/stm32g4xx_hal_dma.o
 .debug_abbrev  0x00002635      0x1cb ./Drivers/STM32G4xx_HAL_Driver/Src/stm32g4xx_hal_gpio.o
 .debug_abbrev  0x00002800      0x25e ./Drivers/STM32G4xx_HAL_Driver/Src/stm32g4xx_hal_i2c.o
 .debug_abbrev  0x00002a5e      0x1c0 ./Drivers/STM32G4xx_HAL_Driver/Src/stm32g4xx_hal_i2c_ex.o
 .debug_abbrev  0x00002c1e      0x2b9 ./Drivers/STM32G4xx_HAL_Driver/Src/stm32g4xx_hal_pcd.o
 .debug_abbrev  0x00002ed7      0x228 ./Drivers/STM32G4xx_HAL_Driver/Src/stm32g4xx_hal_pcd_ex.o
 .debug_abbrev  0x000030ff      0x22c ./Drivers/STM32G4xx_HAL_Driver/Src/stm32g4xx_hal_pwr_ex.o
 .debug_abbrev  0x0000332b      0x2c9 ./Drivers/STM32G4xx_HAL_Driver/Src/stm32g4xx_hal_rcc.o
 .debug_abbrev  0x000035f4      0x258 ./Drivers/STM32G4xx_HAL_Driver/Src/stm32g4xx_hal_rcc_ex.o
 .debug_abbrev  0x0000384c      0x2a7 ./Drivers/STM32G4xx_HAL_Driver/Src/stm32g4xx_hal_tim.o
 .debug_abbrev  0x00003af3      0x2c5 ./Drivers/STM32G4xx_HAL_Driver/Src/stm32g4xx_hal_tim_ex.o
 .debug_abbrev  0x00003db8      0x304 ./Drivers/STM32G4xx_HAL_Driver/Src/stm32g4xx_hal_uart.o
 .debug_abbrev  0x000040bc      0x2d2 ./Drivers/STM32G4xx_HAL_Driver/Src/stm32g4xx_hal_uart_ex.o
 .debug_abbrev  0x0000438e      0x247 ./Drivers/STM32G4xx_HAL_Driver/Src/stm32g4xx_ll_usb.o
 .debug_abbrev  0x000045d5      0x292 ./Middlewares/ST/STM32_USB_Device_Library/Class/HID/Src/usbd_hid.o
 .debug_abbrev  0x00004867      0x24f ./Middlewares/ST/STM32_USB_Device_Library/Core/Src/usbd_core.o
 .debug_abbrev  0x00004ab6      0x27e ./Middlewares/ST/STM32_USB_Device_Library/Core/Src/usbd_ctlreq.o
 .debug_abbrev  0x00004d34      0x1a9 ./Middlewares/ST/STM32_USB_Device_Library/Core/Src/usbd_ioreq.o
 .debug_abbrev  0x00004edd      0x19f ./USB_Device/App/usb_device.o
 .debug_abbrev  0x0000507c      0x20e ./USB_Device/App/usbd_desc.o
 .debug_abbrev  0x0000528a      0x32b ./USB_Device/Target/usbd_conf.o

.debug_aranges  0x00000000     0x1f38
 .debug_aranges
                0x00000000       0x38 ./Core/Src/adc.o
 .debug_aranges
                0x00000038       0x30 ./Core/Src/adc_controller.o
 .debug_aranges
                0x00000068       0x20 ./Core/Src/dma.o
 .debug_aranges
                0x00000088       0x20 ./Core/Src/gpio.o
 .debug_aranges
                0x000000a8       0x30 ./Core/Src/i2c.o
 .debug_aranges
                0x000000d8       0x28 ./Core/Src/keyboard_controller.o
 .debug_aranges
                0x00000100       0x30 ./Core/Src/main.o
 .debug_aranges
                0x00000130       0xb0 ./Core/Src/oled.o
 .debug_aranges
                0x000001e0       0x30 ./Core/Src/rgb_controller.o
 .debug_aranges
                0x00000210       0x20 ./Core/Src/stm32g4xx_hal_msp.o
 .debug_aranges
                0x00000230       0x80 ./Core/Src/stm32g4xx_it.o
 .debug_aranges
                0x000002b0       0x28 ./Core/Src/system_stm32g4xx.o
 .debug_aranges
                0x000002d8       0x38 ./Core/Src/tim.o
 .debug_aranges
                0x00000310       0x30 ./Core/Src/usart.o
 .debug_aranges
                0x00000340       0x28 ./Core/Startup/startup_stm32g431cbtx.o
 .debug_aranges
                0x00000368      0x148 ./Drivers/STM32G4xx_HAL_Driver/Src/stm32g4xx_hal.o
 .debug_aranges
                0x000004b0      0x248 ./Drivers/STM32G4xx_HAL_Driver/Src/stm32g4xx_hal_adc.o
 .debug_aranges
                0x000006f8      0x1c0 ./Drivers/STM32G4xx_HAL_Driver/Src/stm32g4xx_hal_adc_ex.o
 .debug_aranges
                0x000008b8      0x128 ./Drivers/STM32G4xx_HAL_Driver/Src/stm32g4xx_hal_cortex.o
 .debug_aranges
                0x000009e0       0x90 ./Drivers/STM32G4xx_HAL_Driver/Src/stm32g4xx_hal_dma.o
 .debug_aranges
                0x00000a70       0x58 ./Drivers/STM32G4xx_HAL_Driver/Src/stm32g4xx_hal_gpio.o
 .debug_aranges
                0x00000ac8      0x2a0 ./Drivers/STM32G4xx_HAL_Driver/Src/stm32g4xx_hal_i2c.o
 .debug_aranges
                0x00000d68       0x48 ./Drivers/STM32G4xx_HAL_Driver/Src/stm32g4xx_hal_i2c_ex.o
 .debug_aranges
                0x00000db0      0x138 ./Drivers/STM32G4xx_HAL_Driver/Src/stm32g4xx_hal_pcd.o
 .debug_aranges
                0x00000ee8       0x58 ./Drivers/STM32G4xx_HAL_Driver/Src/stm32g4xx_hal_pcd_ex.o
 .debug_aranges
                0x00000f40      0x140 ./Drivers/STM32G4xx_HAL_Driver/Src/stm32g4xx_hal_pwr_ex.o
 .debug_aranges
                0x00001080       0x98 ./Drivers/STM32G4xx_HAL_Driver/Src/stm32g4xx_hal_rcc.o
 .debug_aranges
                0x00001118       0xb0 ./Drivers/STM32G4xx_HAL_Driver/Src/stm32g4xx_hal_rcc_ex.o
 .debug_aranges
                0x000011c8      0x3e0 ./Drivers/STM32G4xx_HAL_Driver/Src/stm32g4xx_hal_tim.o
 .debug_aranges
                0x000015a8      0x240 ./Drivers/STM32G4xx_HAL_Driver/Src/stm32g4xx_hal_tim_ex.o
 .debug_aranges
                0x000017e8      0x248 ./Drivers/STM32G4xx_HAL_Driver/Src/stm32g4xx_hal_uart.o
 .debug_aranges
                0x00001a30       0xa8 ./Drivers/STM32G4xx_HAL_Driver/Src/stm32g4xx_hal_uart_ex.o
 .debug_aranges
                0x00001ad8       0xc8 ./Drivers/STM32G4xx_HAL_Driver/Src/stm32g4xx_ll_usb.o
 .debug_aranges
                0x00001ba0       0x68 ./Middlewares/ST/STM32_USB_Device_Library/Class/HID/Src/usbd_hid.o
 .debug_aranges
                0x00001c08       0xb8 ./Middlewares/ST/STM32_USB_Device_Library/Core/Src/usbd_core.o
 .debug_aranges
                0x00001cc0       0x90 ./Middlewares/ST/STM32_USB_Device_Library/Core/Src/usbd_ctlreq.o
 .debug_aranges
                0x00001d50       0x50 ./Middlewares/ST/STM32_USB_Device_Library/Core/Src/usbd_ioreq.o
 .debug_aranges
                0x00001da0       0x20 ./USB_Device/App/usb_device.o
 .debug_aranges
                0x00001dc0       0x60 ./USB_Device/App/usbd_desc.o
 .debug_aranges
                0x00001e20      0x118 ./USB_Device/Target/usbd_conf.o

.debug_rnglists
                0x00000000     0x1847
 .debug_rnglists
                0x00000000       0x29 ./Core/Src/adc.o
 .debug_rnglists
                0x00000029       0x20 ./Core/Src/adc_controller.o
 .debug_rnglists
                0x00000049       0x13 ./Core/Src/dma.o
 .debug_rnglists
                0x0000005c       0x14 ./Core/Src/gpio.o
 .debug_rnglists
                0x00000070       0x21 ./Core/Src/i2c.o
 .debug_rnglists
                0x00000091       0x1a ./Core/Src/keyboard_controller.o
 .debug_rnglists
                0x000000ab       0x20 ./Core/Src/main.o
 .debug_rnglists
                0x000000cb       0xc6 ./Core/Src/oled.o
 .debug_rnglists
                0x00000191       0x20 ./Core/Src/rgb_controller.o
 .debug_rnglists
                0x000001b1       0x13 ./Core/Src/stm32g4xx_hal_msp.o
 .debug_rnglists
                0x000001c4       0x5b ./Core/Src/stm32g4xx_it.o
 .debug_rnglists
                0x0000021f       0x1a ./Core/Src/system_stm32g4xx.o
 .debug_rnglists
                0x00000239       0x27 ./Core/Src/tim.o
 .debug_rnglists
                0x00000260       0x21 ./Core/Src/usart.o
 .debug_rnglists
                0x00000281       0x19 ./Core/Startup/startup_stm32g431cbtx.o
 .debug_rnglists
                0x0000029a       0xf1 ./Drivers/STM32G4xx_HAL_Driver/Src/stm32g4xx_hal.o
 .debug_rnglists
                0x0000038b      0x1c0 ./Drivers/STM32G4xx_HAL_Driver/Src/stm32g4xx_hal_adc.o
 .debug_rnglists
                0x0000054b      0x15a ./Drivers/STM32G4xx_HAL_Driver/Src/stm32g4xx_hal_adc_ex.o
 .debug_rnglists
                0x000006a5       0xda ./Drivers/STM32G4xx_HAL_Driver/Src/stm32g4xx_hal_cortex.o
 .debug_rnglists
                0x0000077f       0x71 ./Drivers/STM32G4xx_HAL_Driver/Src/stm32g4xx_hal_dma.o
 .debug_rnglists
                0x000007f0       0x3f ./Drivers/STM32G4xx_HAL_Driver/Src/stm32g4xx_hal_gpio.o
 .debug_rnglists
                0x0000082f      0x228 ./Drivers/STM32G4xx_HAL_Driver/Src/stm32g4xx_hal_i2c.o
 .debug_rnglists
                0x00000a57       0x35 ./Drivers/STM32G4xx_HAL_Driver/Src/stm32g4xx_hal_i2c_ex.o
 .debug_rnglists
                0x00000a8c       0xee ./Drivers/STM32G4xx_HAL_Driver/Src/stm32g4xx_hal_pcd.o
 .debug_rnglists
                0x00000b7a       0x3f ./Drivers/STM32G4xx_HAL_Driver/Src/stm32g4xx_hal_pcd_ex.o
 .debug_rnglists
                0x00000bb9       0xf1 ./Drivers/STM32G4xx_HAL_Driver/Src/stm32g4xx_hal_pwr_ex.o
 .debug_rnglists
                0x00000caa       0x74 ./Drivers/STM32G4xx_HAL_Driver/Src/stm32g4xx_hal_rcc.o
 .debug_rnglists
                0x00000d1e       0x87 ./Drivers/STM32G4xx_HAL_Driver/Src/stm32g4xx_hal_rcc_ex.o
 .debug_rnglists
                0x00000da5      0x328 ./Drivers/STM32G4xx_HAL_Driver/Src/stm32g4xx_hal_tim.o
 .debug_rnglists
                0x000010cd      0x1cc ./Drivers/STM32G4xx_HAL_Driver/Src/stm32g4xx_hal_tim_ex.o
 .debug_rnglists
                0x00001299      0x1fa ./Drivers/STM32G4xx_HAL_Driver/Src/stm32g4xx_hal_uart.o
 .debug_rnglists
                0x00001493       0x7f ./Drivers/STM32G4xx_HAL_Driver/Src/stm32g4xx_hal_uart_ex.o
 .debug_rnglists
                0x00001512       0x99 ./Drivers/STM32G4xx_HAL_Driver/Src/stm32g4xx_ll_usb.o
 .debug_rnglists
                0x000015ab       0x4a ./Middlewares/ST/STM32_USB_Device_Library/Class/HID/Src/usbd_hid.o
 .debug_rnglists
                0x000015f5       0x89 ./Middlewares/ST/STM32_USB_Device_Library/Core/Src/usbd_core.o
 .debug_rnglists
                0x0000167e       0x6e ./Middlewares/ST/STM32_USB_Device_Library/Core/Src/usbd_ctlreq.o
 .debug_rnglists
                0x000016ec       0x37 ./Middlewares/ST/STM32_USB_Device_Library/Core/Src/usbd_ioreq.o
 .debug_rnglists
                0x00001723       0x13 ./USB_Device/App/usb_device.o
 .debug_rnglists
                0x00001736       0x43 ./USB_Device/App/usbd_desc.o
 .debug_rnglists
                0x00001779       0xce ./USB_Device/Target/usbd_conf.o

.debug_macro    0x00000000    0x25bec
 .debug_macro   0x00000000      0x247 ./Core/Src/adc.o
 .debug_macro   0x00000247      0xad8 ./Core/Src/adc.o
 .debug_macro   0x00000d1f      0x16d ./Core/Src/adc.o
 .debug_macro   0x00000e8c       0x2e ./Core/Src/adc.o
 .debug_macro   0x00000eba       0x28 ./Core/Src/adc.o
 .debug_macro   0x00000ee2       0x22 ./Core/Src/adc.o
 .debug_macro   0x00000f04       0x8e ./Core/Src/adc.o
 .debug_macro   0x00000f92       0x51 ./Core/Src/adc.o
 .debug_macro   0x00000fe3      0x103 ./Core/Src/adc.o
 .debug_macro   0x000010e6       0x6a ./Core/Src/adc.o
 .debug_macro   0x00001150      0x1df ./Core/Src/adc.o
 .debug_macro   0x0000132f       0x1c ./Core/Src/adc.o
 .debug_macro   0x0000134b       0x22 ./Core/Src/adc.o
 .debug_macro   0x0000136d       0xfb ./Core/Src/adc.o
 .debug_macro   0x00001468     0x1011 ./Core/Src/adc.o
 .debug_macro   0x00002479      0x11f ./Core/Src/adc.o
 .debug_macro   0x00002598    0x1138f ./Core/Src/adc.o
 .debug_macro   0x00013927       0x6d ./Core/Src/adc.o
 .debug_macro   0x00013994     0x3558 ./Core/Src/adc.o
 .debug_macro   0x00016eec      0x190 ./Core/Src/adc.o
 .debug_macro   0x0001707c       0x5c ./Core/Src/adc.o
 .debug_macro   0x000170d8     0x141d ./Core/Src/adc.o
 .debug_macro   0x000184f5      0x535 ./Core/Src/adc.o
 .debug_macro   0x00018a2a      0x1b6 ./Core/Src/adc.o
 .debug_macro   0x00018be0      0x288 ./Core/Src/adc.o
 .debug_macro   0x00018e68      0x41d ./Core/Src/adc.o
 .debug_macro   0x00019285      0x18b ./Core/Src/adc.o
 .debug_macro   0x00019410       0x43 ./Core/Src/adc.o
 .debug_macro   0x00019453      0x23d ./Core/Src/adc.o
 .debug_macro   0x00019690     0x1112 ./Core/Src/adc.o
 .debug_macro   0x0001a7a2      0x72e ./Core/Src/adc.o
 .debug_macro   0x0001aed0      0x391 ./Core/Src/adc.o
 .debug_macro   0x0001b261      0x211 ./Core/Src/adc.o
 .debug_macro   0x0001b472      0x401 ./Core/Src/adc.o
 .debug_macro   0x0001b873      0x107 ./Core/Src/adc.o
 .debug_macro   0x0001b97a      0x22c ./Core/Src/adc.o
 .debug_macro   0x0001bba6       0x61 ./Core/Src/adc.o
 .debug_macro   0x0001bc07       0xa5 ./Core/Src/adc.o
 .debug_macro   0x0001bcac       0x73 ./Core/Src/adc.o
 .debug_macro   0x0001bd1f      0x22d ./Core/Src/adc.o
 .debug_macro   0x0001bf4c      0x122 ./Core/Src/adc.o
 .debug_macro   0x0001c06e      0x3d1 ./Core/Src/adc.o
 .debug_macro   0x0001c43f      0xbda ./Core/Src/adc.o
 .debug_macro   0x0001d019      0x47e ./Core/Src/adc.o
 .debug_macro   0x0001d497      0x693 ./Core/Src/adc.o
 .debug_macro   0x0001db2a       0xa6 ./Core/Src/adc.o
 .debug_macro   0x0001dbd0      0x306 ./Core/Src/adc.o
 .debug_macro   0x0001ded6       0x40 ./Core/Src/adc.o
 .debug_macro   0x0001df16      0x261 ./Core/Src/adc_controller.o
 .debug_macro   0x0001e177      0x247 ./Core/Src/dma.o
 .debug_macro   0x0001e3be      0x247 ./Core/Src/gpio.o
 .debug_macro   0x0001e605      0x247 ./Core/Src/i2c.o
 .debug_macro   0x0001e84c      0x469 ./Core/Src/keyboard_controller.o
 .debug_macro   0x0001ecb5       0x5b ./Core/Src/keyboard_controller.o
 .debug_macro   0x0001ed10       0x2a ./Core/Src/keyboard_controller.o
 .debug_macro   0x0001ed3a       0x94 ./Core/Src/keyboard_controller.o
 .debug_macro   0x0001edce       0x43 ./Core/Src/keyboard_controller.o
 .debug_macro   0x0001ee11       0x34 ./Core/Src/keyboard_controller.o
 .debug_macro   0x0001ee45       0x16 ./Core/Src/keyboard_controller.o
 .debug_macro   0x0001ee5b       0x57 ./Core/Src/keyboard_controller.o
 .debug_macro   0x0001eeb2       0x9e ./Core/Src/keyboard_controller.o
 .debug_macro   0x0001ef50      0x370 ./Core/Src/keyboard_controller.o
 .debug_macro   0x0001f2c0      0x112 ./Core/Src/keyboard_controller.o
 .debug_macro   0x0001f3d2       0x10 ./Core/Src/keyboard_controller.o
 .debug_macro   0x0001f3e2       0x16 ./Core/Src/keyboard_controller.o
 .debug_macro   0x0001f3f8       0x4a ./Core/Src/keyboard_controller.o
 .debug_macro   0x0001f442       0x34 ./Core/Src/keyboard_controller.o
 .debug_macro   0x0001f476       0x10 ./Core/Src/keyboard_controller.o
 .debug_macro   0x0001f486       0x58 ./Core/Src/keyboard_controller.o
 .debug_macro   0x0001f4de       0x8e ./Core/Src/keyboard_controller.o
 .debug_macro   0x0001f56c       0x1c ./Core/Src/keyboard_controller.o
 .debug_macro   0x0001f588      0x185 ./Core/Src/keyboard_controller.o
 .debug_macro   0x0001f70d       0x16 ./Core/Src/keyboard_controller.o
 .debug_macro   0x0001f723       0x16 ./Core/Src/keyboard_controller.o
 .debug_macro   0x0001f739      0x146 ./Core/Src/keyboard_controller.o
 .debug_macro   0x0001f87f       0x22 ./Core/Src/keyboard_controller.o
 .debug_macro   0x0001f8a1       0x56 ./Core/Src/keyboard_controller.o
 .debug_macro   0x0001f8f7       0x22 ./Core/Src/keyboard_controller.o
 .debug_macro   0x0001f919       0x16 ./Core/Src/keyboard_controller.o
 .debug_macro   0x0001f92f       0x3c ./Core/Src/keyboard_controller.o
 .debug_macro   0x0001f96b       0x20 ./Core/Src/keyboard_controller.o
 .debug_macro   0x0001f98b       0x16 ./Core/Src/keyboard_controller.o
 .debug_macro   0x0001f9a1       0x16 ./Core/Src/keyboard_controller.o
 .debug_macro   0x0001f9b7       0x29 ./Core/Src/keyboard_controller.o
 .debug_macro   0x0001f9e0      0x19b ./Core/Src/keyboard_controller.o
 .debug_macro   0x0001fb7b       0x3a ./Core/Src/keyboard_controller.o
 .debug_macro   0x0001fbb5       0x6b ./Core/Src/keyboard_controller.o
 .debug_macro   0x0001fc20      0x1ef ./Core/Src/keyboard_controller.o
 .debug_macro   0x0001fe0f       0x5e ./Core/Src/keyboard_controller.o
 .debug_macro   0x0001fe6d       0xdc ./Core/Src/keyboard_controller.o
 .debug_macro   0x0001ff49      0x4a1 ./Core/Src/main.o
 .debug_macro   0x000203ea       0x61 ./Core/Src/main.o
 .debug_macro   0x0002044b       0x65 ./Core/Src/main.o
 .debug_macro   0x000204b0      0x3af ./Core/Src/oled.o
 .debug_macro   0x0002085f      0x272 ./Core/Src/rgb_controller.o
 .debug_macro   0x00020ad1      0x23d ./Core/Src/stm32g4xx_hal_msp.o
 .debug_macro   0x00020d0e      0x247 ./Core/Src/stm32g4xx_it.o
 .debug_macro   0x00020f55      0x22e ./Core/Src/system_stm32g4xx.o
 .debug_macro   0x00021183      0x247 ./Core/Src/tim.o
 .debug_macro   0x000213ca      0x247 ./Core/Src/usart.o
 .debug_macro   0x00021611      0x27c ./Drivers/STM32G4xx_HAL_Driver/Src/stm32g4xx_hal.o
 .debug_macro   0x0002188d      0x24b ./Drivers/STM32G4xx_HAL_Driver/Src/stm32g4xx_hal_adc.o