../Core/Src/oled_controller.c:13:14:EaseLinear	16	static
../Core/Src/oled_controller.c:18:14:EaseInQuad	16	static
../Core/Src/oled_controller.c:23:14:EaseOutQuad	16	static
../Core/Src/oled_controller.c:28:14:EaseInOutQuad	16	static
../Core/Src/oled_controller.c:33:14:EaseInCubic	16	static
../Core/Src/oled_controller.c:38:14:EaseOutCubic	24	static
../Core/Src/oled_controller.c:44:14:EaseInOutCubic	16	static
../Core/Src/oled_controller.c:51:14:EaseInExpo	16	static
../Core/Src/oled_controller.c:56:14:EaseOutExpo	16	static
../Core/Src/oled_controller.c:61:14:EaseInOutExpo	16	static
../Core/Src/oled_controller.c:73:14:EaseInCirc	16	static
../Core/Src/oled_controller.c:78:14:EaseOutCirc	16	static
../Core/Src/oled_controller.c:83:14:EaseInOutCirc	16	static
../Core/Src/oled_controller.c:91:14:EaseInElastic	32	static
../Core/Src/oled_controller.c:102:14:EaseOutElastic	32	static
../Core/Src/oled_controller.c:113:14:EaseInOutElastic	32	static
../Core/Src/oled_controller.c:126:14:EaseOutBounce	24	static
../Core/Src/oled_controller.c:153:14:EaseInBounce	16	static
../Core/Src/oled_controller.c:158:14:EaseInOutBounce	16	static
../Core/Src/oled_controller.c:166:14:EaseInBack	24	static
../Core/Src/oled_controller.c:174:14:EaseOutBack	32	static
../Core/Src/oled_controller.c:182:14:EaseInOutBack	24	static
../Core/Src/oled_controller.c:193:14:EaseInSine	16	static
../Core/Src/oled_controller.c:198:14:EaseOutSine	16	static
../Core/Src/oled_controller.c:203:14:EaseInOutSine	16	static
../Core/Src/oled_controller.c:208:14:GetEaseValue	16	static
../Core/Src/oled_controller.c:267:7:MathLerp	24	static
../Core/Src/oled_controller.c:281:6:OLED_InitAnimation	32	static
../Core/Src/oled_controller.c:294:9:OLED_UpdateAnimation	32	static
../Core/Src/oled_controller.c:321:7:OLED_GetAnimationValue	16	static
../Core/Src/oled_controller.c:329:6:InitBlockAnimation	8	static
../Core/Src/oled_controller.c:335:6:UpdateAndDrawBlock	24	static
../Core/Src/oled_controller.c:357:6:AnimationLoop	8	static
../Core/Src/oled_controller.c:381:6:OLED_InitAnimationManager	16	static
../Core/Src/oled_controller.c:387:20:OLED_FindTaggedAnimation	24	static
../Core/Src/oled_controller.c:399:9:OLED_GetObjectPosition	32	static
../Core/Src/oled_controller.c:414:6:OLED_MoveObject	48	static
../Core/Src/oled_controller.c:441:6:OLED_UpdateAnimationManager	32	static
../Core/Src/oled_controller.c:463:9:OLED_GetAnimationStates	24	static
../Core/Src/oled_controller.c:476:6:OLED_DoTweenObject	40	static
../Core/Src/oled_controller.c:504:6:OLED_MoveObjectAxis	48	static
../Core/Src/oled_controller.c:535:6:OLED_DoTweenObjectX	48	static
../Core/Src/oled_controller.c:546:6:OLED_DoTweenObjectY	48	static
../Core/Src/oled_controller.c:560:6:OLED_DrawTitleBar	32	static
../Core/Src/oled_controller.c:572:6:OLED_DrawBattery	32	static
../Core/Src/oled_controller.c:593:6:OLED_DrawProgressBar	40	static
../Core/Src/oled_controller.c:611:6:OLED_DrawRectangle	40	static
../Core/Src/oled_controller.c:700:6:OLED_DrawFilledRectangle	40	static
../Core/Src/oled_controller.c:777:6:OLED_DrawLine	48	static
../Core/Src/oled_controller.c:812:6:OLED_DrawIcon	32	static
