../Core/Src/oled.c:129:6:OLED_InitBuffer	16	static
../Core/Src/oled.c:150:6:OLED_ClearBuffer	16	static
../Core/Src/oled.c:162:9:OLED_IsBusy	16	static
../Core/Src/oled.c:180:6:OLED_UpdateDisplayVSync	24	static
../Core/Src/oled.c:211:6:OLED_UpdateDisplayDMA	16	static
../Core/Src/oled.c:244:6:OLED_UpdateDisplayPartial	32	static
../Core/Src/oled.c:289:6:OLED_WritePixel	24	static
../Core/Src/oled.c:315:6:OLED_SendCommand	32	static
../Core/Src/oled.c:323:6:OLED_SendData	32	static
../Core/Src/oled.c:331:6:OLED_ClearDisplay	8	static
../Core/Src/oled.c:338:6:OLED_Init	8	static
../Core/Src/oled.c:380:6:OLED_InvertArea	40	static
../Core/Src/oled.c:436:6:OLED_SetCursor	16	static
../Core/Src/oled.c:443:6:OLED_DisplayChar	40	static
../Core/Src/oled.c:493:6:OLED_DisplayCharInverted	32	static
../Core/Src/oled.c:543:6:OLED_DisplayString	24	static
../Core/Src/oled.c:572:6:OLED_DisplayStringInverted	32	static
../Core/Src/oled.c:601:6:OLED_DisplayInteger	32	static
../Core/Src/oled.c:608:6:OLED_DisplayFloat	56	static
