../Core/Src/oled_driver.c:52:6:OLED_UI_Init	8	static
../Core/Src/oled_driver.c:62:6:Move_Menu_Elements	16	static
../Core/Src/oled_driver.c:119:6:Move_Sub_Title	16	static
../Core/Src/oled_driver.c:133:6:Get_OLED_Input	4	static
../Core/Src/oled_driver.c:174:6:OLED_Drawer	104	static
../Core/Src/oled_driver.c:290:6:OLED_StateMachine	8	static
../Core/Src/oled_driver.c:651:6:OLED_UI_Loop	8	static
../Core/Src/oled_driver.c:689:6:OLED_DisplayUI	16	static
../Core/Src/oled_driver.c:702:6:CPS_Counter	20	static
